> Task :api:compileJava UP-TO-DATE
> Task :api:processResources NO-SOURCE
> Task :api:classes UP-TO-DATE
> Task :api:jar UP-TO-DATE
> Task :common:loader-utils:compileJava UP-TO-DATE
> Task :common:loader-utils:processResources NO-SOURCE
> Task :common:loader-utils:classes UP-TO-DATE
> Task :common:loader-utils:jar UP-TO-DATE
> Task :common:compileJava UP-TO-DATE
> Task :common:processResources UP-TO-DATE
> Task :common:classes UP-TO-DATE
> Task :common:compileTestJava UP-TO-DATE
> Task :common:processTestResources UP-TO-DATE
> Task :common:testClasses UP-TO-DATE
./gradlew : Java HotSpot(TM) 64-Bit Server VM warning: Sharing is only 
supported for boot loader classes because bootstrap classpath has been 
appended
Au caractère Ligne:1 : 1
+ ./gradlew :common:test --console=plain > test_output.txt 2>&1 ; Selec 
...
+ ~~~~~~~~~~~~~~~~~~~~~~~~~~~~~~~~~~~~~~~~~~~~~~~~~~~~~~~~~~~~~
    + CategoryInfo          : NotSpecified: (Java HotSpot(TM...s been a 
   ppended:String) [], RemoteException
    + FullyQualifiedErrorId : NativeCommandError
 

> Task :common:test

MessageTest > testCommandUsageMessages(CommandSpec) > [1] USER PASSED

MessageTest > testCommandUsageMessages(CommandSpec) > [2] GROUP PASSED

MessageTest > testCommandUsageMessages(CommandSpec) > [3] TRACK PASSED

MessageTest > testCommandUsageMessages(CommandSpec) > [4] LOG PASSED

MessageTest > testCommandUsageMessages(CommandSpec) > [5] SYNC PASSED

MessageTest > testCommandUsageMessages(CommandSpec) > [6] INFO PASSED

MessageTest > testCommandUsageMessages(CommandSpec) > [7] EDITOR PASSED

MessageTest > testCommandUsageMessages(CommandSpec) > [8] VERBOSE PASSED

MessageTest > testCommandUsageMessages(CommandSpec) > [9] TREE PASSED

MessageTest > testCommandUsageMessages(CommandSpec) > [10] SEARCH PASSED

MessageTest > testCommandUsageMessages(CommandSpec) > [11] NETWORK_SYNC PASSED

MessageTest > testCommandUsageMessages(CommandSpec) > [12] IMPORT PASSED

MessageTest > testCommandUsageMessages(CommandSpec) > [13] EXPORT PASSED

MessageTest > testCommandUsageMessages(CommandSpec) > [14] RELOAD_CONFIG PASSED

MessageTest > testCommandUsageMessages(CommandSpec) > [15] BULK_UPDATE PASSED

MessageTest > testCommandUsageMessages(CommandSpec) > [16] TRANSLATIONS PASSED

MessageTest > testCommandUsageMessages(CommandSpec) > [17] APPLY_EDITS PASSED

MessageTest > testCommandUsageMessages(CommandSpec) > [18] TRUST_EDITOR PASSED

MessageTest > testCommandUsageMessages(CommandSpec) > [19] CREATE_GROUP PASSED

MessageTest > testCommandUsageMessages(CommandSpec) > [20] DELETE_GROUP PASSED

MessageTest > testCommandUsageMessages(CommandSpec) > [21] LIST_GROUPS PASSED

MessageTest > testCommandUsageMessages(CommandSpec) > [22] CREATE_TRACK PASSED

MessageTest > testCommandUsageMessages(CommandSpec) > [23] DELETE_TRACK PASSED

MessageTest > testCommandUsageMessages(CommandSpec) > [24] LIST_TRACKS PASSED

MessageTest > testCommandUsageMessages(CommandSpec) > [25] USER_INFO PASSED

MessageTest > testCommandUsageMessages(CommandSpec) > [26] USER_SWITCHPRIMARYGROUP PASSED

MessageTest > testCommandUsageMessages(CommandSpec) > [27] USER_PROMOTE PASSED

MessageTest > testCommandUsageMessages(CommandSpec) > [28] USER_DEMOTE PASSED

MessageTest > testCommandUsageMessages(CommandSpec) > [29] USER_CLONE PASSED

MessageTest > testCommandUsageMessages(CommandSpec) > [30] GROUP_INFO PASSED

MessageTest > testCommandUsageMessages(CommandSpec) > [31] GROUP_LISTMEMBERS PASSED

MessageTest > testCommandUsageMessages(CommandSpec) > [32] GROUP_SETWEIGHT PASSED

MessageTest > testCommandUsageMessages(CommandSpec) > [33] GROUP_SET_DISPLAY_NAME PASSED

MessageTest > testCommandUsageMessages(CommandSpec) > [34] GROUP_RENAME PASSED

MessageTest > testCommandUsageMessages(CommandSpec) > [35] GROUP_CLONE PASSED

MessageTest > testCommandUsageMessages(CommandSpec) > [36] HOLDER_EDITOR PASSED

MessageTest > testCommandUsageMessages(CommandSpec) > [37] HOLDER_SHOWTRACKS PASSED

MessageTest > testCommandUsageMessages(CommandSpec) > [38] HOLDER_CLEAR PASSED

MessageTest > testCommandUsageMessages(CommandSpec) > [39] PERMISSION PASSED

MessageTest > testCommandUsageMessages(CommandSpec) > [40] PARENT PASSED

MessageTest > testCommandUsageMessages(CommandSpec) > [41] META PASSED

MessageTest > testCommandUsageMessages(CommandSpec) > [42] PERMISSION_INFO PASSED

MessageTest > testCommandUsageMessages(CommandSpec) > [43] PERMISSION_SET PASSED

MessageTest > testCommandUsageMessages(CommandSpec) > [44] PERMISSION_UNSET PASSED

MessageTest > testCommandUsageMessages(CommandSpec) > [45] PERMISSION_SETTEMP PASSED

MessageTest > testCommandUsageMessages(CommandSpec) > [46] PERMISSION_UNSETTEMP PASSED

MessageTest > testCommandUsageMessages(CommandSpec) > [47] PERMISSION_CHECK PASSED

MessageTest > testCommandUsageMessages(CommandSpec) > [48] PERMISSION_CLEAR PASSED

MessageTest > testCommandUsageMessages(CommandSpec) > [49] PARENT_INFO PASSED

MessageTest > testCommandUsageMessages(CommandSpec) > [50] PARENT_SET PASSED

MessageTest > testCommandUsageMessages(CommandSpec) > [51] PARENT_ADD PASSED

MessageTest > testCommandUsageMessages(CommandSpec) > [52] PARENT_REMOVE PASSED

MessageTest > testCommandUsageMessages(CommandSpec) > [53] PARENT_SET_TRACK PASSED

MessageTest > testCommandUsageMessages(CommandSpec) > [54] PARENT_ADD_TEMP PASSED

MessageTest > testCommandUsageMessages(CommandSpec) > [55] PARENT_REMOVE_TEMP PASSED

MessageTest > testCommandUsageMessages(CommandSpec) > [56] PARENT_CLEAR PASSED

MessageTest > testCommandUsageMessages(CommandSpec) > [57] PARENT_CLEAR_TRACK PASSED

MessageTest > testCommandUsageMessages(CommandSpec) > [58] META_INFO PASSED

MessageTest > testCommandUsageMessages(CommandSpec) > [59] META_SET PASSED

MessageTest > testCommandUsageMessages(CommandSpec) > [60] META_UNSET PASSED

MessageTest > testCommandUsageMessages(CommandSpec) > [61] META_SETTEMP PASSED

MessageTest > testCommandUsageMessages(CommandSpec) > [62] META_UNSETTEMP PASSED

MessageTest > testCommandUsageMessages(CommandSpec) > [63] META_ADDPREFIX PASSED

MessageTest > testCommandUsageMessages(CommandSpec) > [64] META_ADDSUFFIX PASSED

MessageTest > testCommandUsageMessages(CommandSpec) > [65] META_SETPREFIX PASSED

MessageTest > testCommandUsageMessages(CommandSpec) > [66] META_SETSUFFIX PASSED

MessageTest > testCommandUsageMessages(CommandSpec) > [67] META_REMOVEPREFIX PASSED

MessageTest > testCommandUsageMessages(CommandSpec) > [68] META_REMOVESUFFIX PASSED

MessageTest > testCommandUsageMessages(CommandSpec) > [69] META_ADDTEMP_PREFIX PASSED

MessageTest > testCommandUsageMessages(CommandSpec) > [70] META_ADDTEMP_SUFFIX PASSED

MessageTest > testCommandUsageMessages(CommandSpec) > [71] META_SETTEMP_PREFIX PASSED

MessageTest > testCommandUsageMessages(CommandSpec) > [72] META_SETTEMP_SUFFIX PASSED

MessageTest > testCommandUsageMessages(CommandSpec) > [73] META_REMOVETEMP_PREFIX PASSED

MessageTest > testCommandUsageMessages(CommandSpec) > [74] META_REMOVETEMP_SUFFIX PASSED

MessageTest > testCommandUsageMessages(CommandSpec) > [75] META_CLEAR PASSED

MessageTest > testCommandUsageMessages(CommandSpec) > [76] TRACK_INFO PASSED

MessageTest > testCommandUsageMessages(CommandSpec) > [77] TRACK_EDITOR PASSED

MessageTest > testCommandUsageMessages(CommandSpec) > [78] TRACK_APPEND PASSED

MessageTest > testCommandUsageMessages(CommandSpec) > [79] TRACK_INSERT PASSED

MessageTest > testCommandUsageMessages(CommandSpec) > [80] TRACK_REMOVE PASSED

MessageTest > testCommandUsageMessages(CommandSpec) > [81] TRACK_CLEAR PASSED

MessageTest > testCommandUsageMessages(CommandSpec) > [82] TRACK_RENAME PASSED

MessageTest > testCommandUsageMessages(CommandSpec) > [83] TRACK_CLONE PASSED

MessageTest > testCommandUsageMessages(CommandSpec) > [84] LOG_RECENT PASSED

MessageTest > testCommandUsageMessages(CommandSpec) > [85] LOG_SEARCH PASSED

MessageTest > testCommandUsageMessages(CommandSpec) > [86] LOG_NOTIFY PASSED

MessageTest > testCommandUsageMessages(CommandSpec) > [87] LOG_USER_HISTORY PASSED

MessageTest > testCommandUsageMessages(CommandSpec) > [88] LOG_GROUP_HISTORY PASSED

MessageTest > testCommandUsageMessages(CommandSpec) > [89] LOG_TRACK_HISTORY PASSED

MessageTest > testMessage(Field) > [1] public static final me.lucko.luckperms.common.locale.Message$Args1 me.lucko.luckperms.common.locale.Message.STARTUP_BANNER PASSED

MessageTest > testMessage(Field) > [2] public static final me.lucko.luckperms.common.locale.Message$Args1 me.lucko.luckperms.common.locale.Message.VIEW_AVAILABLE_COMMANDS_PROMPT PASSED

MessageTest > testMessage(Field) > [3] public static final me.lucko.luckperms.common.locale.Message$Args0 me.lucko.luckperms.common.locale.Message.NO_PERMISSION_FOR_SUBCOMMANDS PASSED

MessageTest > testMessage(Field) > [4] public static final me.lucko.luckperms.common.locale.Message$Args0 me.lucko.luckperms.common.locale.Message.ALREADY_EXECUTING_COMMAND PASSED

MessageTest > testMessage(Field) > [5] public static final me.lucko.luckperms.common.locale.Message$Args0 me.lucko.luckperms.common.locale.Message.COMMANDS_DISABLED PASSED

MessageTest > testMessage(Field) > [6] public static final me.lucko.luckperms.common.locale.Message$Args2 me.lucko.luckperms.common.locale.Message.FIRST_TIME_SETUP PASSED

MessageTest > testMessage(Field) > [7] public static final me.lucko.luckperms.common.locale.Message$Args0 me.lucko.luckperms.common.locale.Message.LOADING_DATABASE_ERROR PASSED

MessageTest > testMessage(Field) > [8] public static final me.lucko.luckperms.common.locale.Message$Args0 me.lucko.luckperms.common.locale.Message.LOADING_STATE_ERROR PASSED

MessageTest > testMessage(Field) > [9] public static final me.lucko.luckperms.common.locale.Message$Args0 me.lucko.luckperms.common.locale.Message.LOADING_STATE_ERROR_CB_OFFLINE_MODE PASSED

MessageTest > testMessage(Field) > [10] public static final me.lucko.luckperms.common.locale.Message$Args0 me.lucko.luckperms.common.locale.Message.LOADING_SETUP_ERROR PASSED

MessageTest > testMessage(Field) > [11] public static final me.lucko.luckperms.common.locale.Message$Args0 me.lucko.luckperms.common.locale.Message.OP_DISABLED PASSED

MessageTest > testMessage(Field) > [12] public static final me.lucko.luckperms.common.locale.Message$Args1 me.lucko.luckperms.common.locale.Message.LOG PASSED

MessageTest > testMessage(Field) > [13] public static final me.lucko.luckperms.common.locale.Message$Args3 me.lucko.luckperms.common.locale.Message.VERBOSE_LOG_PERMISSION PASSED

MessageTest > testMessage(Field) > [14] public static final me.lucko.luckperms.common.locale.Message$Args3 me.lucko.luckperms.common.locale.Message.VERBOSE_LOG_META PASSED

MessageTest > testMessage(Field) > [15] public static final me.lucko.luckperms.common.locale.Message$Args1 me.lucko.luckperms.common.locale.Message.VERBOSE_LOG_HOVER_TYPE PASSED

MessageTest > testMessage(Field) > [16] public static final me.lucko.luckperms.common.locale.Message$Args1 me.lucko.luckperms.common.locale.Message.VERBOSE_LOG_HOVER_ORIGIN PASSED

MessageTest > testMessage(Field) > [17] public static final me.lucko.luckperms.common.locale.Message$Args1 me.lucko.luckperms.common.locale.Message.VERBOSE_LOG_HOVER_CAUSE PASSED

MessageTest > testMessage(Field) > [18] public static final me.lucko.luckperms.common.locale.Message$Args1 me.lucko.luckperms.common.locale.Message.VERBOSE_LOG_HOVER_CAUSE_META PASSED

MessageTest > testMessage(Field) > [19] public static final me.lucko.luckperms.common.locale.Message$Args1 me.lucko.luckperms.common.locale.Message.VERBOSE_LOG_HOVER_CONTEXT PASSED

MessageTest > testMessage(Field) > [20] public static final me.lucko.luckperms.common.locale.Message$Args1 me.lucko.luckperms.common.locale.Message.VERBOSE_LOG_HOVER_THREAD PASSED

MessageTest > testMessage(Field) > [21] public static final me.lucko.luckperms.common.locale.Message$Args0 me.lucko.luckperms.common.locale.Message.VERBOSE_LOG_HOVER_TRACE_TITLE PASSED

MessageTest > testMessage(Field) > [22] public static final me.lucko.luckperms.common.locale.Message$Args1 me.lucko.luckperms.common.locale.Message.VERBOSE_LOG_HOVER_TRACE_CONTENT PASSED

MessageTest > testMessage(Field) > [23] public static final me.lucko.luckperms.common.locale.Message$Args1 me.lucko.luckperms.common.locale.Message.VERBOSE_LOG_HOVER_TRACE_OVERFLOW PASSED

MessageTest > testMessage(Field) > [24] public static final me.lucko.luckperms.common.locale.Message$Args1 me.lucko.luckperms.common.locale.Message.VERBOSE_LOG_HOVER_PROCESSOR PASSED

MessageTest > testMessage(Field) > [25] public static final me.lucko.luckperms.common.locale.Message$Args1 me.lucko.luckperms.common.locale.Message.EXPORT_LOG PASSED

MessageTest > testMessage(Field) > [26] public static final me.lucko.luckperms.common.locale.Message$Args1 me.lucko.luckperms.common.locale.Message.EXPORT_LOG_PROGRESS PASSED

MessageTest > testMessage(Field) > [27] public static final me.lucko.luckperms.common.locale.Message$Args0 me.lucko.luckperms.common.locale.Message.COMMAND_NOT_RECOGNISED PASSED

MessageTest > testMessage(Field) > [28] public static final me.lucko.luckperms.common.locale.Message$Args0 me.lucko.luckperms.common.locale.Message.COMMAND_NO_PERMISSION PASSED

MessageTest > testMessage(Field) > [29] public static final me.lucko.luckperms.common.locale.Message$Args2 me.lucko.luckperms.common.locale.Message.MAIN_COMMAND_USAGE_HEADER PASSED

MessageTest > testMessage(Field) > [30] public static final me.lucko.luckperms.common.locale.Message$Args2 me.lucko.luckperms.common.locale.Message.COMMAND_USAGE_DETAILED_HEADER PASSED

MessageTest > testMessage(Field) > [31] public static final me.lucko.luckperms.common.locale.Message$Args0 me.lucko.luckperms.common.locale.Message.COMMAND_USAGE_DETAILED_ARGS_HEADER PASSED

MessageTest > testMessage(Field) > [32] public static final me.lucko.luckperms.common.locale.Message$Args2 me.lucko.luckperms.common.locale.Message.COMMAND_USAGE_DETAILED_ARG PASSED

MessageTest > testMessage(Field) > [33] public static final me.lucko.luckperms.common.locale.Message$Args1 me.lucko.luckperms.common.locale.Message.REQUIRED_ARGUMENT PASSED

MessageTest > testMessage(Field) > [34] public static final me.lucko.luckperms.common.locale.Message$Args1 me.lucko.luckperms.common.locale.Message.OPTIONAL_ARGUMENT PASSED

MessageTest > testMessage(Field) > [35] public static final me.lucko.luckperms.common.locale.Message$Args1 me.lucko.luckperms.common.locale.Message.USER_NOT_ONLINE PASSED

MessageTest > testMessage(Field) > [36] public static final me.lucko.luckperms.common.locale.Message$Args1 me.lucko.luckperms.common.locale.Message.USER_NOT_FOUND PASSED

MessageTest > testMessage(Field) > [37] public static final me.lucko.luckperms.common.locale.Message$Args1 me.lucko.luckperms.common.locale.Message.GROUP_NOT_FOUND PASSED

MessageTest > testMessage(Field) > [38] public static final me.lucko.luckperms.common.locale.Message$Args1 me.lucko.luckperms.common.locale.Message.TRACK_NOT_FOUND PASSED

MessageTest > testMessage(Field) > [39] public static final me.lucko.luckperms.common.locale.Message$Args1 me.lucko.luckperms.common.locale.Message.USER_SAVE_ERROR PASSED

MessageTest > testMessage(Field) > [40] public static final me.lucko.luckperms.common.locale.Message$Args1 me.lucko.luckperms.common.locale.Message.GROUP_SAVE_ERROR PASSED

MessageTest > testMessage(Field) > [41] public static final me.lucko.luckperms.common.locale.Message$Args1 me.lucko.luckperms.common.locale.Message.TRACK_SAVE_ERROR PASSED

MessageTest > testMessage(Field) > [42] public static final me.lucko.luckperms.common.locale.Message$Args1 me.lucko.luckperms.common.locale.Message.USER_INVALID_ENTRY PASSED

MessageTest > testMessage(Field) > [43] public static final me.lucko.luckperms.common.locale.Message$Args1 me.lucko.luckperms.common.locale.Message.GROUP_INVALID_ENTRY PASSED

MessageTest > testMessage(Field) > [44] public static final me.lucko.luckperms.common.locale.Message$Args1 me.lucko.luckperms.common.locale.Message.TRACK_INVALID_ENTRY PASSED

MessageTest > testMessage(Field) > [45] public static final me.lucko.luckperms.common.locale.Message$Args2 me.lucko.luckperms.common.locale.Message.VERBOSE_INVALID_FILTER PASSED

MessageTest > testMessage(Field) > [46] public static final me.lucko.luckperms.common.locale.Message$Args0 me.lucko.luckperms.common.locale.Message.VERBOSE_ON PASSED

MessageTest > testMessage(Field) > [47] public static final me.lucko.luckperms.common.locale.Message$Args1 me.lucko.luckperms.common.locale.Message.VERBOSE_ON_QUERY PASSED

MessageTest > testMessage(Field) > [48] public static final me.lucko.luckperms.common.locale.Message$Args2 me.lucko.luckperms.common.locale.Message.VERBOSE_ON_COMMAND PASSED

MessageTest > testMessage(Field) > [49] public static final me.lucko.luckperms.common.locale.Message$Args0 me.lucko.luckperms.common.locale.Message.VERBOSE_OFF PASSED

MessageTest > testMessage(Field) > [50] public static final me.lucko.luckperms.common.locale.Message$Args0 me.lucko.luckperms.common.locale.Message.VERBOSE_OFF_COMMAND PASSED

MessageTest > testMessage(Field) > [51] public static final me.lucko.luckperms.common.locale.Message$Args0 me.lucko.luckperms.common.locale.Message.VERBOSE_OFF_COMMAND_NO_CHECKS PASSED

MessageTest > testMessage(Field) > [52] public static final me.lucko.luckperms.common.locale.Message$Args0 me.lucko.luckperms.common.locale.Message.VERBOSE_RECORDING_ON PASSED

MessageTest > testMessage(Field) > [53] public static final me.lucko.luckperms.common.locale.Message$Args1 me.lucko.luckperms.common.locale.Message.VERBOSE_RECORDING_ON_QUERY PASSED

MessageTest > testMessage(Field) > [54] public static final me.lucko.luckperms.common.locale.Message$Args0 me.lucko.luckperms.common.locale.Message.VERBOSE_UPLOAD_START PASSED

MessageTest > testMessage(Field) > [55] public static final me.lucko.luckperms.common.locale.Message$Args1 me.lucko.luckperms.common.locale.Message.VERBOSE_RESULTS_URL PASSED

MessageTest > testMessage(Field) > [56] public static final me.lucko.luckperms.common.locale.Message$Args0 me.lucko.luckperms.common.locale.Message.TREE_UPLOAD_START PASSED

MessageTest > testMessage(Field) > [57] public static final me.lucko.luckperms.common.locale.Message$Args0 me.lucko.luckperms.common.locale.Message.TREE_EMPTY PASSED

MessageTest > testMessage(Field) > [58] public static final me.lucko.luckperms.common.locale.Message$Args1 me.lucko.luckperms.common.locale.Message.TREE_URL PASSED

MessageTest > testMessage(Field) > [59] public static final me.lucko.luckperms.common.locale.Message$Args2 me.lucko.luckperms.common.locale.Message.GENERIC_HTTP_REQUEST_FAILURE PASSED

MessageTest > testMessage(Field) > [60] public static final me.lucko.luckperms.common.locale.Message$Args0 me.lucko.luckperms.common.locale.Message.GENERIC_HTTP_UNKNOWN_FAILURE PASSED

MessageTest > testMessage(Field) > [61] public static final me.lucko.luckperms.common.locale.Message$Args1 me.lucko.luckperms.common.locale.Message.SEARCH_SEARCHING PASSED

MessageTest > testMessage(Field) > [62] public static final me.lucko.luckperms.common.locale.Message$Args1 me.lucko.luckperms.common.locale.Message.SEARCH_SEARCHING_MEMBERS PASSED

MessageTest > testMessage(Field) > [63] public static final me.lucko.luckperms.common.locale.Message$Args0 me.lucko.luckperms.common.locale.Message.SEARCH_RESULT_GROUP_DEFAULT PASSED

MessageTest > testMessage(Field) > [64] public static final me.lucko.luckperms.common.locale.Message$Args3 me.lucko.luckperms.common.locale.Message.SEARCH_RESULT PASSED

MessageTest > testMessage(Field) > [65] public static final me.lucko.luckperms.common.locale.Message$Args3 me.lucko.luckperms.common.locale.Message.SEARCH_SHOWING_USERS PASSED

MessageTest > testMessage(Field) > [66] public static final me.lucko.luckperms.common.locale.Message$Args3 me.lucko.luckperms.common.locale.Message.SEARCH_SHOWING_GROUPS PASSED

MessageTest > testMessage(Field) > [67] public static final me.lucko.luckperms.common.locale.Message$Args6 me.lucko.luckperms.common.locale.Message.SEARCH_NODE_ENTRY PASSED

MessageTest > testMessage(Field) > [68] public static final me.lucko.luckperms.common.locale.Message$Args5 me.lucko.luckperms.common.locale.Message.SEARCH_INHERITS_NODE_ENTRY PASSED

MessageTest > testMessage(Field) > [69] public static final me.lucko.luckperms.common.locale.Message$Args2 me.lucko.luckperms.common.locale.Message.APPLY_EDITS_SESSION_UNKNOWN PASSED

MessageTest > testMessage(Field) > [70] public static final me.lucko.luckperms.common.locale.Message$Args2 me.lucko.luckperms.common.locale.Message.APPLY_EDITS_SESSION_APPLIED_ALREADY PASSED

MessageTest > testMessage(Field) > [71] public static final me.lucko.luckperms.common.locale.Message$Args1 me.lucko.luckperms.common.locale.Message.APPLY_EDITS_INVALID_CODE PASSED

MessageTest > testMessage(Field) > [72] public static final me.lucko.luckperms.common.locale.Message$Args1 me.lucko.luckperms.common.locale.Message.APPLY_EDITS_UNABLE_TO_READ PASSED

MessageTest > testMessage(Field) > [73] public static final me.lucko.luckperms.common.locale.Message$Args1 me.lucko.luckperms.common.locale.Message.APPLY_EDITS_UNKNOWN_TYPE PASSED

MessageTest > testMessage(Field) > [74] public static final me.lucko.luckperms.common.locale.Message$Args1 me.lucko.luckperms.common.locale.Message.APPLY_EDITS_TARGET_USER_NOT_UUID PASSED

MessageTest > testMessage(Field) > [75] public static final me.lucko.luckperms.common.locale.Message$Args1 me.lucko.luckperms.common.locale.Message.APPLY_EDITS_TARGET_USER_UNABLE_TO_LOAD PASSED

MessageTest > testMessage(Field) > [76] public static final me.lucko.luckperms.common.locale.Message$Args0 me.lucko.luckperms.common.locale.Message.APPLY_EDITS_TARGET_NO_CHANGES_PRESENT PASSED

MessageTest > testMessage(Field) > [77] public static final me.lucko.luckperms.common.locale.Message$Args2 me.lucko.luckperms.common.locale.Message.APPLY_EDITS_SUCCESS PASSED

MessageTest > testMessage(Field) > [78] public static final me.lucko.luckperms.common.locale.Message$Args2 me.lucko.luckperms.common.locale.Message.APPLY_EDITS_SUCCESS_SUMMARY PASSED

MessageTest > testMessage(Field) > [79] public static final me.lucko.luckperms.common.locale.Message$Args1 me.lucko.luckperms.common.locale.Message.APPLY_EDIT_NODE PASSED

MessageTest > testMessage(Field) > [80] public static final me.lucko.luckperms.common.locale.Message$Args1 me.lucko.luckperms.common.locale.Message.APPLY_EDITS_DIFF_ADDED PASSED

MessageTest > testMessage(Field) > [81] public static final me.lucko.luckperms.common.locale.Message$Args1 me.lucko.luckperms.common.locale.Message.APPLY_EDITS_DIFF_REMOVED PASSED

MessageTest > testMessage(Field) > [82] public static final me.lucko.luckperms.common.locale.Message$Args1 me.lucko.luckperms.common.locale.Message.APPLY_EDITS_TRACK_AFTER PASSED

MessageTest > testMessage(Field) > [83] public static final me.lucko.luckperms.common.locale.Message$Args1 me.lucko.luckperms.common.locale.Message.APPLY_EDITS_TRACK_BEFORE PASSED

MessageTest > testMessage(Field) > [84] public static final me.lucko.luckperms.common.locale.Message$Args0 me.lucko.luckperms.common.locale.Message.EDITOR_NO_MATCH PASSED

MessageTest > testMessage(Field) > [85] public static final me.lucko.luckperms.common.locale.Message$Args0 me.lucko.luckperms.common.locale.Message.EDITOR_START PASSED

MessageTest > testMessage(Field) > [86] public static final me.lucko.luckperms.common.locale.Message$Args1 me.lucko.luckperms.common.locale.Message.EDITOR_URL PASSED

MessageTest > testMessage(Field) > [87] public static final me.lucko.luckperms.common.locale.Message$Args0 me.lucko.luckperms.common.locale.Message.EDITOR_SOCKET_CONNECTED PASSED

MessageTest > testMessage(Field) > [88] public static final me.lucko.luckperms.common.locale.Message$Args0 me.lucko.luckperms.common.locale.Message.EDITOR_SOCKET_RECONNECTED PASSED

MessageTest > testMessage(Field) > [89] public static final me.lucko.luckperms.common.locale.Message$Args0 me.lucko.luckperms.common.locale.Message.EDITOR_SOCKET_CHANGES_RECEIVED PASSED

MessageTest > testMessage(Field) > [90] public static final me.lucko.luckperms.common.locale.Message$Args4 me.lucko.luckperms.common.locale.Message.EDITOR_SOCKET_UNTRUSTED PASSED

MessageTest > testMessage(Field) > [91] public static final me.lucko.luckperms.common.locale.Message$Args0 me.lucko.luckperms.common.locale.Message.EDITOR_SOCKET_TRUST_SUCCESS PASSED

MessageTest > testMessage(Field) > [92] public static final me.lucko.luckperms.common.locale.Message$Args0 me.lucko.luckperms.common.locale.Message.EDITOR_SOCKET_TRUST_FAILURE PASSED

MessageTest > testMessage(Field) > [93] public static final me.lucko.luckperms.common.locale.Message$Args2 me.lucko.luckperms.common.locale.Message.EDITOR_HTTP_REQUEST_FAILURE PASSED

MessageTest > testMessage(Field) > [94] public static final me.lucko.luckperms.common.locale.Message$Args0 me.lucko.luckperms.common.locale.Message.EDITOR_HTTP_UNKNOWN_FAILURE PASSED

MessageTest > testMessage(Field) > [95] public static final me.lucko.luckperms.common.locale.Message$Args1 me.lucko.luckperms.common.locale.Message.CREATE_SUCCESS PASSED

MessageTest > testMessage(Field) > [96] public static final me.lucko.luckperms.common.locale.Message$Args1 me.lucko.luckperms.common.locale.Message.DELETE_SUCCESS PASSED

MessageTest > testMessage(Field) > [97] public static final me.lucko.luckperms.common.locale.Message$Args2 me.lucko.luckperms.common.locale.Message.RENAME_SUCCESS PASSED

MessageTest > testMessage(Field) > [98] public static final me.lucko.luckperms.common.locale.Message$Args2 me.lucko.luckperms.common.locale.Message.CLONE_SUCCESS PASSED

MessageTest > testMessage(Field) > [99] public static final me.lucko.luckperms.common.locale.Message$Args3 me.lucko.luckperms.common.locale.Message.ALREADY_INHERITS PASSED

MessageTest > testMessage(Field) > [100] public static final me.lucko.luckperms.common.locale.Message$Args3 me.lucko.luckperms.common.locale.Message.DOES_NOT_INHERIT PASSED

MessageTest > testMessage(Field) > [101] public static final me.lucko.luckperms.common.locale.Message$Args3 me.lucko.luckperms.common.locale.Message.ALREADY_TEMP_INHERITS PASSED

MessageTest > testMessage(Field) > [102] public static final me.lucko.luckperms.common.locale.Message$Args3 me.lucko.luckperms.common.locale.Message.DOES_NOT_TEMP_INHERIT PASSED

MessageTest > testMessage(Field) > [103] public static final me.lucko.luckperms.common.locale.Message$Args2 me.lucko.luckperms.common.locale.Message.TRACK_ALREADY_CONTAINS PASSED

MessageTest > testMessage(Field) > [104] public static final me.lucko.luckperms.common.locale.Message$Args2 me.lucko.luckperms.common.locale.Message.TRACK_DOES_NOT_CONTAIN PASSED

MessageTest > testMessage(Field) > [105] public static final me.lucko.luckperms.common.locale.Message$Args1 me.lucko.luckperms.common.locale.Message.TRACK_AMBIGUOUS_CALL PASSED

MessageTest > testMessage(Field) > [106] public static final me.lucko.luckperms.common.locale.Message$Args1 me.lucko.luckperms.common.locale.Message.ALREADY_EXISTS PASSED

MessageTest > testMessage(Field) > [107] public static final me.lucko.luckperms.common.locale.Message$Args1 me.lucko.luckperms.common.locale.Message.DOES_NOT_EXIST PASSED

MessageTest > testMessage(Field) > [108] public static final me.lucko.luckperms.common.locale.Message$Args0 me.lucko.luckperms.common.locale.Message.USER_LOAD_ERROR PASSED

MessageTest > testMessage(Field) > [109] public static final me.lucko.luckperms.common.locale.Message$Args0 me.lucko.luckperms.common.locale.Message.GROUP_LOAD_ERROR PASSED

MessageTest > testMessage(Field) > [110] public static final me.lucko.luckperms.common.locale.Message$Args0 me.lucko.luckperms.common.locale.Message.GROUPS_LOAD_ERROR PASSED

MessageTest > testMessage(Field) > [111] public static final me.lucko.luckperms.common.locale.Message$Args0 me.lucko.luckperms.common.locale.Message.TRACK_LOAD_ERROR PASSED

MessageTest > testMessage(Field) > [112] public static final me.lucko.luckperms.common.locale.Message$Args0 me.lucko.luckperms.common.locale.Message.TRACKS_LOAD_ERROR PASSED

MessageTest > testMessage(Field) > [113] public static final me.lucko.luckperms.common.locale.Message$Args1 me.lucko.luckperms.common.locale.Message.TRACK_EMPTY PASSED

MessageTest > testMessage(Field) > [114] public static final me.lucko.luckperms.common.locale.Message$Args0 me.lucko.luckperms.common.locale.Message.UPDATE_TASK_REQUEST PASSED

MessageTest > testMessage(Field) > [115] public static final me.lucko.luckperms.common.locale.Message$Args0 me.lucko.luckperms.common.locale.Message.UPDATE_TASK_COMPLETE PASSED

MessageTest > testMessage(Field) > [116] public static final me.lucko.luckperms.common.locale.Message$Args0 me.lucko.luckperms.common.locale.Message.UPDATE_TASK_COMPLETE_NETWORK PASSED

MessageTest > testMessage(Field) > [117] public static final me.lucko.luckperms.common.locale.Message$Args1 me.lucko.luckperms.common.locale.Message.UPDATE_TASK_PUSH_SUCCESS PASSED

MessageTest > testMessage(Field) > [118] public static final me.lucko.luckperms.common.locale.Message$Args0 me.lucko.luckperms.common.locale.Message.UPDATE_TASK_PUSH_FAILURE PASSED

MessageTest > testMessage(Field) > [119] public static final me.lucko.luckperms.common.locale.Message$Args0 me.lucko.luckperms.common.locale.Message.UPDATE_TASK_PUSH_FAILURE_NOT_SETUP PASSED

MessageTest > testMessage(Field) > [120] public static final me.lucko.luckperms.common.locale.Message$Args0 me.lucko.luckperms.common.locale.Message.RELOAD_CONFIG_SUCCESS PASSED

MessageTest > testMessage(Field) > [121] public static final me.lucko.luckperms.common.locale.Message$Args2 me.lucko.luckperms.common.locale.Message.INFO PASSED

MessageTest > testMessage(Field) > [122] public static final me.lucko.luckperms.common.locale.Message$Args1 me.lucko.luckperms.common.locale.Message.CREATE_ERROR PASSED

MessageTest > testMessage(Field) > [123] public static final me.lucko.luckperms.common.locale.Message$Args1 me.lucko.luckperms.common.locale.Message.DELETE_ERROR PASSED

MessageTest > testMessage(Field) > [124] public static final me.lucko.luckperms.common.locale.Message$Args0 me.lucko.luckperms.common.locale.Message.DELETE_GROUP_ERROR_DEFAULT PASSED

MessageTest > testMessage(Field) > [125] public static final me.lucko.luckperms.common.locale.Message$Args0 me.lucko.luckperms.common.locale.Message.GROUPS_LIST PASSED

MessageTest > testMessage(Field) > [126] public static final me.lucko.luckperms.common.locale.Message$Args3 me.lucko.luckperms.common.locale.Message.GROUPS_LIST_ENTRY PASSED

MessageTest > testMessage(Field) > [127] public static final me.lucko.luckperms.common.locale.Message$Args1 me.lucko.luckperms.common.locale.Message.TRACKS_LIST PASSED

MessageTest > testMessage(Field) > [128] public static final me.lucko.luckperms.common.locale.Message$Args4 me.lucko.luckperms.common.locale.Message.PERMISSION_INFO PASSED

MessageTest > testMessage(Field) > [129] public static final me.lucko.luckperms.common.locale.Message$Args1 me.lucko.luckperms.common.locale.Message.PERMISSION_INFO_NO_DATA PASSED

MessageTest > testMessage(Field) > [130] public static final me.lucko.luckperms.common.locale.Message$Args3 me.lucko.luckperms.common.locale.Message.PERMISSION_INFO_NODE_ENTRY PASSED

MessageTest > testMessage(Field) > [131] public static final me.lucko.luckperms.common.locale.Message$Args3 me.lucko.luckperms.common.locale.Message.PERMISSION_INFO_TEMPORARY_NODE_ENTRY PASSED

MessageTest > testMessage(Field) > [132] public static final me.lucko.luckperms.common.locale.Message$Args4 me.lucko.luckperms.common.locale.Message.PARENT_INFO PASSED

MessageTest > testMessage(Field) > [133] public static final me.lucko.luckperms.common.locale.Message$Args1 me.lucko.luckperms.common.locale.Message.PARENT_INFO_NO_DATA PASSED

MessageTest > testMessage(Field) > [134] public static final me.lucko.luckperms.common.locale.Message$Args3 me.lucko.luckperms.common.locale.Message.PARENT_INFO_NODE_ENTRY PASSED

MessageTest > testMessage(Field) > [135] public static final me.lucko.luckperms.common.locale.Message$Args3 me.lucko.luckperms.common.locale.Message.PARENT_INFO_TEMPORARY_NODE_ENTRY PASSED

MessageTest > testMessage(Field) > [136] public static final me.lucko.luckperms.common.locale.Message$Args1 me.lucko.luckperms.common.locale.Message.LIST_TRACKS PASSED

MessageTest > testMessage(Field) > [137] public static final me.lucko.luckperms.common.locale.Message$Args3 me.lucko.luckperms.common.locale.Message.LIST_TRACKS_ENTRY PASSED

MessageTest > testMessage(Field) > [138] public static final me.lucko.luckperms.common.locale.Message$Args1 me.lucko.luckperms.common.locale.Message.LIST_TRACKS_EMPTY PASSED

MessageTest > testMessage(Field) > [139] public static final me.lucko.luckperms.common.locale.Message$Args1 me.lucko.luckperms.common.locale.Message.PERMISSION_CHECK_INFO_HEADER PASSED

MessageTest > testMessage(Field) > [140] public static final me.lucko.luckperms.common.locale.Message$Args4 me.lucko.luckperms.common.locale.Message.PERMISSION_CHECK_INFO_DIRECTLY PASSED

MessageTest > testMessage(Field) > [141] public static final me.lucko.luckperms.common.locale.Message$Args5 me.lucko.luckperms.common.locale.Message.PERMISSION_CHECK_INFO_INHERITED PASSED

MessageTest > testMessage(Field) > [142] public static final me.lucko.luckperms.common.locale.Message$Args2 me.lucko.luckperms.common.locale.Message.PERMISSION_CHECK_INFO_NOT_DIRECTLY PASSED

MessageTest > testMessage(Field) > [143] public static final me.lucko.luckperms.common.locale.Message$Args2 me.lucko.luckperms.common.locale.Message.PERMISSION_CHECK_INFO_NOT_INHERITED PASSED

MessageTest > testMessage(Field) > [144] public static final me.lucko.luckperms.common.locale.Message$Args5 me.lucko.luckperms.common.locale.Message.PERMISSION_CHECK_RESULT PASSED

MessageTest > testMessage(Field) > [145] public static final me.lucko.luckperms.common.locale.Message$Args4 me.lucko.luckperms.common.locale.Message.SETPERMISSION_SUCCESS PASSED

MessageTest > testMessage(Field) > [146] public static final me.lucko.luckperms.common.locale.Message$Args3 me.lucko.luckperms.common.locale.Message.ALREADY_HASPERMISSION PASSED

MessageTest > testMessage(Field) > [147] public static final me.lucko.luckperms.common.locale.Message$Args5 me.lucko.luckperms.common.locale.Message.SETPERMISSION_TEMP_SUCCESS PASSED

MessageTest > testMessage(Field) > [148] public static final me.lucko.luckperms.common.locale.Message$Args3 me.lucko.luckperms.common.locale.Message.ALREADY_HAS_TEMP_PERMISSION PASSED

MessageTest > testMessage(Field) > [149] public static final me.lucko.luckperms.common.locale.Message$Args3 me.lucko.luckperms.common.locale.Message.UNSETPERMISSION_SUCCESS PASSED

MessageTest > testMessage(Field) > [150] public static final me.lucko.luckperms.common.locale.Message$Args3 me.lucko.luckperms.common.locale.Message.DOES_NOT_HAVE_PERMISSION PASSED

MessageTest > testMessage(Field) > [151] public static final me.lucko.luckperms.common.locale.Message$Args3 me.lucko.luckperms.common.locale.Message.UNSET_TEMP_PERMISSION_SUCCESS PASSED

MessageTest > testMessage(Field) > [152] public static final me.lucko.luckperms.common.locale.Message$Args6 me.lucko.luckperms.common.locale.Message.UNSET_TEMP_PERMISSION_SUBTRACT_SUCCESS PASSED

MessageTest > testMessage(Field) > [153] public static final me.lucko.luckperms.common.locale.Message$Args3 me.lucko.luckperms.common.locale.Message.DOES_NOT_HAVE_TEMP_PERMISSION PASSED

MessageTest > testMessage(Field) > [154] public static final me.lucko.luckperms.common.locale.Message$Args1 me.lucko.luckperms.common.locale.Message.INVALID_INPUT_EMPTY PASSED

MessageTest > testMessage(Field) > [155] public static final me.lucko.luckperms.common.locale.Message$Args0 me.lucko.luckperms.common.locale.Message.INVALID_PERMISSION_EMPTY PASSED

MessageTest > testMessage(Field) > [156] public static final me.lucko.luckperms.common.locale.Message$Args0 me.lucko.luckperms.common.locale.Message.INVALID_META_KEY_EMPTY PASSED

MessageTest > testMessage(Field) > [157] public static final me.lucko.luckperms.common.locale.Message$Args0 me.lucko.luckperms.common.locale.Message.INVALID_DISPLAY_NAME_EMPTY PASSED

MessageTest > testMessage(Field) > [158] public static final me.lucko.luckperms.common.locale.Message$Args3 me.lucko.luckperms.common.locale.Message.SET_INHERIT_SUCCESS PASSED

MessageTest > testMessage(Field) > [159] public static final me.lucko.luckperms.common.locale.Message$Args4 me.lucko.luckperms.common.locale.Message.SET_TEMP_INHERIT_SUCCESS PASSED

MessageTest > testMessage(Field) > [160] public static final me.lucko.luckperms.common.locale.Message$Args3 me.lucko.luckperms.common.locale.Message.SET_PARENT_SUCCESS PASSED

MessageTest > testMessage(Field) > [161] public static final me.lucko.luckperms.common.locale.Message$Args4 me.lucko.luckperms.common.locale.Message.SET_TRACK_PARENT_SUCCESS PASSED

MessageTest > testMessage(Field) > [162] public static final me.lucko.luckperms.common.locale.Message$Args3 me.lucko.luckperms.common.locale.Message.UNSET_INHERIT_SUCCESS PASSED

MessageTest > testMessage(Field) > [163] public static final me.lucko.luckperms.common.locale.Message$Args3 me.lucko.luckperms.common.locale.Message.UNSET_TEMP_INHERIT_SUCCESS PASSED

MessageTest > testMessage(Field) > [164] public static final me.lucko.luckperms.common.locale.Message$Args5 me.lucko.luckperms.common.locale.Message.UNSET_TEMP_INHERIT_SUBTRACT_SUCCESS PASSED

MessageTest > testMessage(Field) > [165] public static final me.lucko.luckperms.common.locale.Message$Args3 me.lucko.luckperms.common.locale.Message.CLEAR_SUCCESS PASSED

MessageTest > testMessage(Field) > [166] public static final me.lucko.luckperms.common.locale.Message$Args3 me.lucko.luckperms.common.locale.Message.PERMISSION_CLEAR_SUCCESS PASSED

MessageTest > testMessage(Field) > [167] public static final me.lucko.luckperms.common.locale.Message$Args3 me.lucko.luckperms.common.locale.Message.PARENT_CLEAR_SUCCESS PASSED

MessageTest > testMessage(Field) > [168] public static final me.lucko.luckperms.common.locale.Message$Args4 me.lucko.luckperms.common.locale.Message.PARENT_CLEAR_TRACK_SUCCESS PASSED

MessageTest > testMessage(Field) > [169] public static final me.lucko.luckperms.common.locale.Message$Args4 me.lucko.luckperms.common.locale.Message.META_CLEAR_SUCCESS PASSED

MessageTest > testMessage(Field) > [170] public static final me.lucko.luckperms.common.locale.Message$Args1 me.lucko.luckperms.common.locale.Message.ILLEGAL_DATE_ERROR PASSED

MessageTest > testMessage(Field) > [171] public static final me.lucko.luckperms.common.locale.Message$Args0 me.lucko.luckperms.common.locale.Message.PAST_DATE_ERROR PASSED

MessageTest > testMessage(Field) > [172] public static final me.lucko.luckperms.common.locale.Message$Args1 me.lucko.luckperms.common.locale.Message.CHAT_META_PREFIX_HEADER PASSED

MessageTest > testMessage(Field) > [173] public static final me.lucko.luckperms.common.locale.Message$Args1 me.lucko.luckperms.common.locale.Message.CHAT_META_SUFFIX_HEADER PASSED

MessageTest > testMessage(Field) > [174] public static final me.lucko.luckperms.common.locale.Message$Args1 me.lucko.luckperms.common.locale.Message.META_HEADER PASSED

MessageTest > testMessage(Field) > [175] public static final me.lucko.luckperms.common.locale.Message$Args3 me.lucko.luckperms.common.locale.Message.CHAT_META_ENTRY PASSED

MessageTest > testMessage(Field) > [176] public static final me.lucko.luckperms.common.locale.Message$Args3 me.lucko.luckperms.common.locale.Message.META_ENTRY PASSED

MessageTest > testMessage(Field) > [177] public static final me.lucko.luckperms.common.locale.Message$Args1 me.lucko.luckperms.common.locale.Message.CHAT_META_PREFIX_NONE PASSED

MessageTest > testMessage(Field) > [178] public static final me.lucko.luckperms.common.locale.Message$Args1 me.lucko.luckperms.common.locale.Message.CHAT_META_SUFFIX_NONE PASSED

MessageTest > testMessage(Field) > [179] public static final me.lucko.luckperms.common.locale.Message$Args1 me.lucko.luckperms.common.locale.Message.META_NONE PASSED

MessageTest > testMessage(Field) > [180] public static final me.lucko.luckperms.common.locale.Message$Args1 me.lucko.luckperms.common.locale.Message.META_INVALID_PRIORITY PASSED

MessageTest > testMessage(Field) > [181] public static final me.lucko.luckperms.common.locale.Message$Args5 me.lucko.luckperms.common.locale.Message.ALREADY_HAS_CHAT_META FAILED
    org.mockito.exceptions.base.MockitoException: 
    Mockito cannot mock this class: class net.luckperms.api.node.ChatMetaType.
    Sealed abstract enums can't be mocked. Since Java 15 abstract enums are declared sealed, which prevents mocking.
    You can still return an existing enum literal from a stubbed method call.
        at app//me.lucko.luckperms.common.locale.MessageTest.mockArgument(MessageTest.java:263)
        at app//me.lucko.luckperms.common.locale.MessageTest.buildMessage(MessageTest.java:196)
        at app//me.lucko.luckperms.common.locale.MessageTest.testMessage(MessageTest.java:133)

        Caused by:
        org.mockito.exceptions.base.MockitoException: Unsupported settings with this type 'net.luckperms.api.node.ChatMetaType'
            at app//net.bytebuddy.TypeCache.findOrInsert(TypeCache.java:168)
            at app//net.bytebuddy.TypeCache$WithInlineExpunction.findOrInsert(TypeCache.java:399)
            at app//net.bytebuddy.TypeCache.findOrInsert(TypeCache.java:190)
            at app//net.bytebuddy.TypeCache$WithInlineExpunction.findOrInsert(TypeCache.java:410)
            ... 3 more

MessageTest > testMessage(Field) > [182] public static final me.lucko.luckperms.common.locale.Message$Args5 me.lucko.luckperms.common.locale.Message.ALREADY_HAS_TEMP_CHAT_META FAILED
    org.mockito.exceptions.base.MockitoException: 
    Mockito cannot mock this class: class net.luckperms.api.node.ChatMetaType.
    Sealed abstract enums can't be mocked. Since Java 15 abstract enums are declared sealed, which prevents mocking.
    You can still return an existing enum literal from a stubbed method call.
        at app//me.lucko.luckperms.common.locale.MessageTest.mockArgument(MessageTest.java:263)
        at app//me.lucko.luckperms.common.locale.MessageTest.buildMessage(MessageTest.java:196)
        at app//me.lucko.luckperms.common.locale.MessageTest.testMessage(MessageTest.java:133)

        Caused by:
        org.mockito.exceptions.base.MockitoException: Unsupported settings with this type 'net.luckperms.api.node.ChatMetaType'
            at app//net.bytebuddy.TypeCache.findOrInsert(TypeCache.java:168)
            at app//net.bytebuddy.TypeCache$WithInlineExpunction.findOrInsert(TypeCache.java:399)
            at app//net.bytebuddy.TypeCache.findOrInsert(TypeCache.java:190)
            at app//net.bytebuddy.TypeCache$WithInlineExpunction.findOrInsert(TypeCache.java:410)
            ... 3 more

MessageTest > testMessage(Field) > [183] public static final me.lucko.luckperms.common.locale.Message$Args5 me.lucko.luckperms.common.locale.Message.DOES_NOT_HAVE_CHAT_META FAILED
    org.mockito.exceptions.base.MockitoException: 
    Mockito cannot mock this class: class net.luckperms.api.node.ChatMetaType.
    Sealed abstract enums can't be mocked. Since Java 15 abstract enums are declared sealed, which prevents mocking.
    You can still return an existing enum literal from a stubbed method call.
        at app//me.lucko.luckperms.common.locale.MessageTest.mockArgument(MessageTest.java:263)
        at app//me.lucko.luckperms.common.locale.MessageTest.buildMessage(MessageTest.java:196)
        at app//me.lucko.luckperms.common.locale.MessageTest.testMessage(MessageTest.java:133)

        Caused by:
        org.mockito.exceptions.base.MockitoException: Unsupported settings with this type 'net.luckperms.api.node.ChatMetaType'
            at app//net.bytebuddy.TypeCache.findOrInsert(TypeCache.java:168)
            at app//net.bytebuddy.TypeCache$WithInlineExpunction.findOrInsert(TypeCache.java:399)
            at app//net.bytebuddy.TypeCache.findOrInsert(TypeCache.java:190)
            at app//net.bytebuddy.TypeCache$WithInlineExpunction.findOrInsert(TypeCache.java:410)
            ... 3 more

MessageTest > testMessage(Field) > [184] public static final me.lucko.luckperms.common.locale.Message$Args5 me.lucko.luckperms.common.locale.Message.DOES_NOT_HAVE_TEMP_CHAT_META FAILED
    org.mockito.exceptions.base.MockitoException: 
    Mockito cannot mock this class: class net.luckperms.api.node.ChatMetaType.
    Sealed abstract enums can't be mocked. Since Java 15 abstract enums are declared sealed, which prevents mocking.
    You can still return an existing enum literal from a stubbed method call.
        at app//me.lucko.luckperms.common.locale.MessageTest.mockArgument(MessageTest.java:263)
        at app//me.lucko.luckperms.common.locale.MessageTest.buildMessage(MessageTest.java:196)
        at app//me.lucko.luckperms.common.locale.MessageTest.testMessage(MessageTest.java:133)

        Caused by:
        org.mockito.exceptions.base.MockitoException: Unsupported settings with this type 'net.luckperms.api.node.ChatMetaType'
            at app//net.bytebuddy.TypeCache.findOrInsert(TypeCache.java:168)
            at app//net.bytebuddy.TypeCache$WithInlineExpunction.findOrInsert(TypeCache.java:399)
            at app//net.bytebuddy.TypeCache.findOrInsert(TypeCache.java:190)
            at app//net.bytebuddy.TypeCache$WithInlineExpunction.findOrInsert(TypeCache.java:410)
            ... 3 more

MessageTest > testMessage(Field) > [185] public static final me.lucko.luckperms.common.locale.Message$Args5 me.lucko.luckperms.common.locale.Message.ADD_CHATMETA_SUCCESS FAILED
    org.mockito.exceptions.base.MockitoException: 
    Mockito cannot mock this class: class net.luckperms.api.node.ChatMetaType.
    Sealed abstract enums can't be mocked. Since Java 15 abstract enums are declared sealed, which prevents mocking.
    You can still return an existing enum literal from a stubbed method call.
        at app//me.lucko.luckperms.common.locale.MessageTest.mockArgument(MessageTest.java:263)
        at app//me.lucko.luckperms.common.locale.MessageTest.buildMessage(MessageTest.java:196)
        at app//me.lucko.luckperms.common.locale.MessageTest.testMessage(MessageTest.java:133)

        Caused by:
        org.mockito.exceptions.base.MockitoException: Unsupported settings with this type 'net.luckperms.api.node.ChatMetaType'
            at app//net.bytebuddy.TypeCache.findOrInsert(TypeCache.java:168)
            at app//net.bytebuddy.TypeCache$WithInlineExpunction.findOrInsert(TypeCache.java:399)
            at app//net.bytebuddy.TypeCache.findOrInsert(TypeCache.java:190)
            at app//net.bytebuddy.TypeCache$WithInlineExpunction.findOrInsert(TypeCache.java:410)
            ... 3 more

MessageTest > testMessage(Field) > [186] public static final me.lucko.luckperms.common.locale.Message$Args6 me.lucko.luckperms.common.locale.Message.ADD_TEMP_CHATMETA_SUCCESS FAILED
    org.mockito.exceptions.base.MockitoException: 
    Mockito cannot mock this class: class net.luckperms.api.node.ChatMetaType.
    Sealed abstract enums can't be mocked. Since Java 15 abstract enums are declared sealed, which prevents mocking.
    You can still return an existing enum literal from a stubbed method call.
        at app//me.lucko.luckperms.common.locale.MessageTest.mockArgument(MessageTest.java:263)
        at app//me.lucko.luckperms.common.locale.MessageTest.buildMessage(MessageTest.java:196)
        at app//me.lucko.luckperms.common.locale.MessageTest.testMessage(MessageTest.java:133)

        Caused by:
        org.mockito.exceptions.base.MockitoException: Unsupported settings with this type 'net.luckperms.api.node.ChatMetaType'
            at app//net.bytebuddy.TypeCache.findOrInsert(TypeCache.java:168)
            at app//net.bytebuddy.TypeCache$WithInlineExpunction.findOrInsert(TypeCache.java:399)
            at app//net.bytebuddy.TypeCache.findOrInsert(TypeCache.java:190)
            at app//net.bytebuddy.TypeCache$WithInlineExpunction.findOrInsert(TypeCache.java:410)
            ... 3 more

MessageTest > testMessage(Field) > [187] public static final me.lucko.luckperms.common.locale.Message$Args5 me.lucko.luckperms.common.locale.Message.REMOVE_CHATMETA_SUCCESS FAILED
    org.mockito.exceptions.base.MockitoException: 
    Mockito cannot mock this class: class net.luckperms.api.node.ChatMetaType.
    Sealed abstract enums can't be mocked. Since Java 15 abstract enums are declared sealed, which prevents mocking.
    You can still return an existing enum literal from a stubbed method call.
        at app//me.lucko.luckperms.common.locale.MessageTest.mockArgument(MessageTest.java:263)
        at app//me.lucko.luckperms.common.locale.MessageTest.buildMessage(MessageTest.java:196)
        at app//me.lucko.luckperms.common.locale.MessageTest.testMessage(MessageTest.java:133)

        Caused by:
        org.mockito.exceptions.base.MockitoException: Unsupported settings with this type 'net.luckperms.api.node.ChatMetaType'
            at app//net.bytebuddy.TypeCache.findOrInsert(TypeCache.java:168)
            at app//net.bytebuddy.TypeCache$WithInlineExpunction.findOrInsert(TypeCache.java:399)
            at app//net.bytebuddy.TypeCache.findOrInsert(TypeCache.java:190)
            at app//net.bytebuddy.TypeCache$WithInlineExpunction.findOrInsert(TypeCache.java:410)
            ... 3 more

MessageTest > testMessage(Field) > [188] public static final me.lucko.luckperms.common.locale.Message$Args4 me.lucko.luckperms.common.locale.Message.BULK_REMOVE_CHATMETA_SUCCESS FAILED
    org.mockito.exceptions.base.MockitoException: 
    Mockito cannot mock this class: class net.luckperms.api.node.ChatMetaType.
    Sealed abstract enums can't be mocked. Since Java 15 abstract enums are declared sealed, which prevents mocking.
    You can still return an existing enum literal from a stubbed method call.
        at app//me.lucko.luckperms.common.locale.MessageTest.mockArgument(MessageTest.java:263)
        at app//me.lucko.luckperms.common.locale.MessageTest.buildMessage(MessageTest.java:196)
        at app//me.lucko.luckperms.common.locale.MessageTest.testMessage(MessageTest.java:133)

        Caused by:
        org.mockito.exceptions.base.MockitoException: Unsupported settings with this type 'net.luckperms.api.node.ChatMetaType'
            at app//net.bytebuddy.TypeCache.findOrInsert(TypeCache.java:168)
            at app//net.bytebuddy.TypeCache$WithInlineExpunction.findOrInsert(TypeCache.java:399)
            at app//net.bytebuddy.TypeCache.findOrInsert(TypeCache.java:190)
            at app//net.bytebuddy.TypeCache$WithInlineExpunction.findOrInsert(TypeCache.java:410)
            ... 3 more

MessageTest > testMessage(Field) > [189] public static final me.lucko.luckperms.common.locale.Message$Args5 me.lucko.luckperms.common.locale.Message.REMOVE_TEMP_CHATMETA_SUCCESS FAILED
    org.mockito.exceptions.base.MockitoException: 
    Mockito cannot mock this class: class net.luckperms.api.node.ChatMetaType.
    Sealed abstract enums can't be mocked. Since Java 15 abstract enums are declared sealed, which prevents mocking.
    You can still return an existing enum literal from a stubbed method call.
        at app//me.lucko.luckperms.common.locale.MessageTest.mockArgument(MessageTest.java:263)
        at app//me.lucko.luckperms.common.locale.MessageTest.buildMessage(MessageTest.java:196)
        at app//me.lucko.luckperms.common.locale.MessageTest.testMessage(MessageTest.java:133)

        Caused by:
        org.mockito.exceptions.base.MockitoException: Unsupported settings with this type 'net.luckperms.api.node.ChatMetaType'
            at app//net.bytebuddy.TypeCache.findOrInsert(TypeCache.java:168)
            at app//net.bytebuddy.TypeCache$WithInlineExpunction.findOrInsert(TypeCache.java:399)
            at app//net.bytebuddy.TypeCache.findOrInsert(TypeCache.java:190)
            at app//net.bytebuddy.TypeCache$WithInlineExpunction.findOrInsert(TypeCache.java:410)
            ... 3 more

MessageTest > testMessage(Field) > [190] public static final me.lucko.luckperms.common.locale.Message$Args4 me.lucko.luckperms.common.locale.Message.BULK_REMOVE_TEMP_CHATMETA_SUCCESS FAILED
    org.mockito.exceptions.base.MockitoException: 
    Mockito cannot mock this class: class net.luckperms.api.node.ChatMetaType.
    Sealed abstract enums can't be mocked. Since Java 15 abstract enums are declared sealed, which prevents mocking.
    You can still return an existing enum literal from a stubbed method call.
        at app//me.lucko.luckperms.common.locale.MessageTest.mockArgument(MessageTest.java:263)
        at app//me.lucko.luckperms.common.locale.MessageTest.buildMessage(MessageTest.java:196)
        at app//me.lucko.luckperms.common.locale.MessageTest.testMessage(MessageTest.java:133)

        Caused by:
        org.mockito.exceptions.base.MockitoException: Unsupported settings with this type 'net.luckperms.api.node.ChatMetaType'
            at app//net.bytebuddy.TypeCache.findOrInsert(TypeCache.java:168)
            at app//net.bytebuddy.TypeCache$WithInlineExpunction.findOrInsert(TypeCache.java:399)
            at app//net.bytebuddy.TypeCache.findOrInsert(TypeCache.java:190)
            at app//net.bytebuddy.TypeCache$WithInlineExpunction.findOrInsert(TypeCache.java:410)
            ... 3 more

MessageTest > testMessage(Field) > [191] public static final me.lucko.luckperms.common.locale.Message$Args4 me.lucko.luckperms.common.locale.Message.ALREADY_HAS_META PASSED

MessageTest > testMessage(Field) > [192] public static final me.lucko.luckperms.common.locale.Message$Args4 me.lucko.luckperms.common.locale.Message.ALREADY_HAS_TEMP_META PASSED

MessageTest > testMessage(Field) > [193] public static final me.lucko.luckperms.common.locale.Message$Args3 me.lucko.luckperms.common.locale.Message.DOESNT_HAVE_META PASSED

MessageTest > testMessage(Field) > [194] public static final me.lucko.luckperms.common.locale.Message$Args3 me.lucko.luckperms.common.locale.Message.DOESNT_HAVE_TEMP_META PASSED

MessageTest > testMessage(Field) > [195] public static final me.lucko.luckperms.common.locale.Message$Args4 me.lucko.luckperms.common.locale.Message.SET_META_SUCCESS PASSED

MessageTest > testMessage(Field) > [196] public static final me.lucko.luckperms.common.locale.Message$Args5 me.lucko.luckperms.common.locale.Message.SET_META_TEMP_SUCCESS PASSED

MessageTest > testMessage(Field) > [197] public static final me.lucko.luckperms.common.locale.Message$Args3 me.lucko.luckperms.common.locale.Message.UNSET_META_SUCCESS PASSED

MessageTest > testMessage(Field) > [198] public static final me.lucko.luckperms.common.locale.Message$Args3 me.lucko.luckperms.common.locale.Message.UNSET_META_TEMP_SUCCESS PASSED

MessageTest > testMessage(Field) > [199] public static final me.lucko.luckperms.common.locale.Message$Args0 me.lucko.luckperms.common.locale.Message.BULK_UPDATE_DISABLED PASSED

MessageTest > testMessage(Field) > [200] public static final me.lucko.luckperms.common.locale.Message$Args0 me.lucko.luckperms.common.locale.Message.BULK_UPDATE_MUST_USE_CONSOLE PASSED

MessageTest > testMessage(Field) > [201] public static final me.lucko.luckperms.common.locale.Message$Args0 me.lucko.luckperms.common.locale.Message.BULK_UPDATE_INVALID_DATA_TYPE PASSED

MessageTest > testMessage(Field) > [202] public static final me.lucko.luckperms.common.locale.Message$Args1 me.lucko.luckperms.common.locale.Message.BULK_UPDATE_INVALID_CONSTRAINT PASSED

MessageTest > testMessage(Field) > [203] public static final me.lucko.luckperms.common.locale.Message$Args1 me.lucko.luckperms.common.locale.Message.BULK_UPDATE_INVALID_COMPARISON PASSED

MessageTest > testMessage(Field) > [204] public static final me.lucko.luckperms.common.locale.Message$Args1 me.lucko.luckperms.common.locale.Message.BULK_UPDATE_QUEUED PASSED

MessageTest > testMessage(Field) > [205] public static final me.lucko.luckperms.common.locale.Message$Args2 me.lucko.luckperms.common.locale.Message.BULK_UPDATE_CONFIRM PASSED

MessageTest > testMessage(Field) > [206] public static final me.lucko.luckperms.common.locale.Message$Args1 me.lucko.luckperms.common.locale.Message.BULK_UPDATE_UNKNOWN_ID PASSED

MessageTest > testMessage(Field) > [207] public static final me.lucko.luckperms.common.locale.Message$Args0 me.lucko.luckperms.common.locale.Message.BULK_UPDATE_STARTING PASSED

MessageTest > testMessage(Field) > [208] public static final me.lucko.luckperms.common.locale.Message$Args0 me.lucko.luckperms.common.locale.Message.BULK_UPDATE_SUCCESS PASSED

MessageTest > testMessage(Field) > [209] public static final me.lucko.luckperms.common.locale.Message$Args3 me.lucko.luckperms.common.locale.Message.BULK_UPDATE_STATISTICS PASSED

MessageTest > testMessage(Field) > [210] public static final me.lucko.luckperms.common.locale.Message$Args0 me.lucko.luckperms.common.locale.Message.BULK_UPDATE_FAILURE PASSED

MessageTest > testMessage(Field) > [211] public static final me.lucko.luckperms.common.locale.Message$Args0 me.lucko.luckperms.common.locale.Message.TRANSLATIONS_SEARCHING PASSED

MessageTest > testMessage(Field) > [212] public static final me.lucko.luckperms.common.locale.Message$Args0 me.lucko.luckperms.common.locale.Message.TRANSLATIONS_SEARCHING_ERROR PASSED

MessageTest > testMessage(Field) > [213] public static final me.lucko.luckperms.common.locale.Message$Args1 me.lucko.luckperms.common.locale.Message.INSTALLED_TRANSLATIONS PASSED

MessageTest > testMessage(Field) > [214] public static final me.lucko.luckperms.common.locale.Message$Args0 me.lucko.luckperms.common.locale.Message.AVAILABLE_TRANSLATIONS_HEADER PASSED

MessageTest > testMessage(Field) > [215] public static final me.lucko.luckperms.common.locale.Message$Args4 me.lucko.luckperms.common.locale.Message.AVAILABLE_TRANSLATIONS_ENTRY PASSED

MessageTest > testMessage(Field) > [216] public static final me.lucko.luckperms.common.locale.Message$Args1 me.lucko.luckperms.common.locale.Message.TRANSLATIONS_DOWNLOAD_PROMPT PASSED

MessageTest > testMessage(Field) > [217] public static final me.lucko.luckperms.common.locale.Message$Args0 me.lucko.luckperms.common.locale.Message.TRANSLATIONS_INSTALLING PASSED

MessageTest > testMessage(Field) > [218] public static final me.lucko.luckperms.common.locale.Message$Args1 me.lucko.luckperms.common.locale.Message.TRANSLATIONS_INSTALLING_SPECIFIC PASSED

MessageTest > testMessage(Field) > [219] public static final me.lucko.luckperms.common.locale.Message$Args0 me.lucko.luckperms.common.locale.Message.TRANSLATIONS_INSTALL_COMPLETE PASSED

MessageTest > testMessage(Field) > [220] public static final me.lucko.luckperms.common.locale.Message$Args1 me.lucko.luckperms.common.locale.Message.TRANSLATIONS_DOWNLOAD_ERROR PASSED

MessageTest > testMessage(Field) > [221] public static final me.lucko.luckperms.common.locale.Message$Args4 me.lucko.luckperms.common.locale.Message.USER_INFO_GENERAL PASSED

MessageTest > testMessage(Field) > [222] public static final me.lucko.luckperms.common.locale.Message$Args6 me.lucko.luckperms.common.locale.Message.USER_INFO_CONTEXTUAL_DATA PASSED

MessageTest > testMessage(Field) > [223] public static final me.lucko.luckperms.common.locale.Message$Args0 me.lucko.luckperms.common.locale.Message.INFO_PARENT_HEADER PASSED

MessageTest > testMessage(Field) > [224] public static final me.lucko.luckperms.common.locale.Message$Args0 me.lucko.luckperms.common.locale.Message.INFO_TEMP_PARENT_HEADER PASSED

MessageTest > testMessage(Field) > [225] public static final me.lucko.luckperms.common.locale.Message$Args1 me.lucko.luckperms.common.locale.Message.INFO_PARENT_NODE_ENTRY PASSED

MessageTest > testMessage(Field) > [226] public static final me.lucko.luckperms.common.locale.Message$Args1 me.lucko.luckperms.common.locale.Message.INFO_PARENT_TEMPORARY_NODE_ENTRY PASSED

MessageTest > testMessage(Field) > [227] public static final me.lucko.luckperms.common.locale.Message$Args0 me.lucko.luckperms.common.locale.Message.USER_REMOVEGROUP_ERROR_PRIMARY PASSED

MessageTest > testMessage(Field) > [228] public static final me.lucko.luckperms.common.locale.Message$Args2 me.lucko.luckperms.common.locale.Message.USER_PRIMARYGROUP_SUCCESS PASSED

MessageTest > testMessage(Field) > [229] public static final me.lucko.luckperms.common.locale.Message$Args2 me.lucko.luckperms.common.locale.Message.USER_PRIMARYGROUP_ERROR_ALREADYHAS PASSED

MessageTest > testMessage(Field) > [230] public static final me.lucko.luckperms.common.locale.Message$Args2 me.lucko.luckperms.common.locale.Message.USER_PRIMARYGROUP_ERROR_NOTMEMBER PASSED

MessageTest > testMessage(Field) > [231] public static final me.lucko.luckperms.common.locale.Message$Args2 me.lucko.luckperms.common.locale.Message.USER_TRACK_ERROR_NOT_CONTAIN_GROUP PASSED

MessageTest > testMessage(Field) > [232] public static final me.lucko.luckperms.common.locale.Message$Args0 me.lucko.luckperms.common.locale.Message.USER_TRACK_ERROR_AMBIGUOUS_TRACK_SELECTION PASSED

MessageTest > testMessage(Field) > [233] public static final me.lucko.luckperms.common.locale.Message$Args4 me.lucko.luckperms.common.locale.Message.USER_TRACK_ADDED_TO_FIRST PASSED

MessageTest > testMessage(Field) > [234] public static final me.lucko.luckperms.common.locale.Message$Args2 me.lucko.luckperms.common.locale.Message.USER_PROMOTE_NOT_ON_TRACK PASSED

MessageTest > testMessage(Field) > [235] public static final me.lucko.luckperms.common.locale.Message$Args5 me.lucko.luckperms.common.locale.Message.USER_PROMOTE_SUCCESS PASSED

MessageTest > testMessage(Field) > [236] public static final me.lucko.luckperms.common.locale.Message$Args2 me.lucko.luckperms.common.locale.Message.USER_PROMOTE_ERROR_ENDOFTRACK PASSED

MessageTest > testMessage(Field) > [237] public static final me.lucko.luckperms.common.locale.Message$Args1 me.lucko.luckperms.common.locale.Message.USER_PROMOTE_ERROR_MALFORMED PASSED

MessageTest > testMessage(Field) > [238] public static final me.lucko.luckperms.common.locale.Message$Args5 me.lucko.luckperms.common.locale.Message.USER_DEMOTE_SUCCESS PASSED

MessageTest > testMessage(Field) > [239] public static final me.lucko.luckperms.common.locale.Message$Args3 me.lucko.luckperms.common.locale.Message.USER_DEMOTE_ENDOFTRACK PASSED

MessageTest > testMessage(Field) > [240] public static final me.lucko.luckperms.common.locale.Message$Args2 me.lucko.luckperms.common.locale.Message.USER_DEMOTE_ENDOFTRACK_NOT_REMOVED PASSED

MessageTest > testMessage(Field) > [241] public static final me.lucko.luckperms.common.locale.Message$Args1 me.lucko.luckperms.common.locale.Message.USER_DEMOTE_ERROR_MALFORMED PASSED

MessageTest > testMessage(Field) > [242] public static final me.lucko.luckperms.common.locale.Message$Args3 me.lucko.luckperms.common.locale.Message.GROUP_INFO_GENERAL PASSED

MessageTest > testMessage(Field) > [243] public static final me.lucko.luckperms.common.locale.Message$Args3 me.lucko.luckperms.common.locale.Message.GROUP_INFO_CONTEXTUAL_DATA PASSED

MessageTest > testMessage(Field) > [244] public static final me.lucko.luckperms.common.locale.Message$Args2 me.lucko.luckperms.common.locale.Message.GROUP_SET_WEIGHT PASSED

MessageTest > testMessage(Field) > [245] public static final me.lucko.luckperms.common.locale.Message$Args1 me.lucko.luckperms.common.locale.Message.GROUP_SET_DISPLAY_NAME_DOESNT_HAVE PASSED

MessageTest > testMessage(Field) > [246] public static final me.lucko.luckperms.common.locale.Message$Args2 me.lucko.luckperms.common.locale.Message.GROUP_SET_DISPLAY_NAME_ALREADY_HAS PASSED

MessageTest > testMessage(Field) > [247] public static final me.lucko.luckperms.common.locale.Message$Args2 me.lucko.luckperms.common.locale.Message.GROUP_SET_DISPLAY_NAME_ALREADY_IN_USE PASSED

MessageTest > testMessage(Field) > [248] public static final me.lucko.luckperms.common.locale.Message$Args3 me.lucko.luckperms.common.locale.Message.GROUP_SET_DISPLAY_NAME PASSED

MessageTest > testMessage(Field) > [249] public static final me.lucko.luckperms.common.locale.Message$Args2 me.lucko.luckperms.common.locale.Message.GROUP_SET_DISPLAY_NAME_REMOVED PASSED

MessageTest > testMessage(Field) > [250] public static final me.lucko.luckperms.common.locale.Message$Args2 me.lucko.luckperms.common.locale.Message.TRACK_INFO PASSED

MessageTest > testMessage(Field) > [251] public static final me.lucko.luckperms.common.locale.Message$Args1 me.lucko.luckperms.common.locale.Message.TRACK_PATH PASSED

MessageTest > testMessage(Field) > [252] public static final me.lucko.luckperms.common.locale.Message$Args2 me.lucko.luckperms.common.locale.Message.TRACK_PATH_HIGHLIGHTED PASSED

MessageTest > testMessage(Field) > [253] public static final me.lucko.luckperms.common.locale.Message$Args4 me.lucko.luckperms.common.locale.Message.TRACK_PATH_HIGHLIGHTED_PROGRESSION PASSED

MessageTest > testMessage(Field) > [254] public static final me.lucko.luckperms.common.locale.Message$Args1 me.lucko.luckperms.common.locale.Message.TRACK_CLEAR PASSED

MessageTest > testMessage(Field) > [255] public static final me.lucko.luckperms.common.locale.Message$Args2 me.lucko.luckperms.common.locale.Message.TRACK_APPEND_SUCCESS PASSED

MessageTest > testMessage(Field) > [256] public static final me.lucko.luckperms.common.locale.Message$Args3 me.lucko.luckperms.common.locale.Message.TRACK_INSERT_SUCCESS PASSED

MessageTest > testMessage(Field) > [257] public static final me.lucko.luckperms.common.locale.Message$Args1 me.lucko.luckperms.common.locale.Message.TRACK_INSERT_ERROR_NUMBER PASSED

MessageTest > testMessage(Field) > [258] public static final me.lucko.luckperms.common.locale.Message$Args1 me.lucko.luckperms.common.locale.Message.TRACK_INSERT_ERROR_INVALID_POS PASSED

MessageTest > testMessage(Field) > [259] public static final me.lucko.luckperms.common.locale.Message$Args2 me.lucko.luckperms.common.locale.Message.TRACK_REMOVE_SUCCESS PASSED

MessageTest > testMessage(Field) > [260] public static final me.lucko.luckperms.common.locale.Message$Args0 me.lucko.luckperms.common.locale.Message.LOG_LOAD_ERROR PASSED

MessageTest > testMessage(Field) > [261] public static final me.lucko.luckperms.common.locale.Message$Args1 me.lucko.luckperms.common.locale.Message.LOG_INVALID_PAGE_RANGE PASSED

MessageTest > testMessage(Field) > [262] public static final me.lucko.luckperms.common.locale.Message$Args0 me.lucko.luckperms.common.locale.Message.LOG_NO_ENTRIES PASSED

MessageTest > testMessage(Field) > [263] public static final me.lucko.luckperms.common.locale.Message$Args2 me.lucko.luckperms.common.locale.Message.LOG_ENTRY PASSED

MessageTest > testMessage(Field) > [264] public static final me.lucko.luckperms.common.locale.Message$Args0 me.lucko.luckperms.common.locale.Message.LOG_NOTIFY_CONSOLE PASSED

MessageTest > testMessage(Field) > [265] public static final me.lucko.luckperms.common.locale.Message$Args0 me.lucko.luckperms.common.locale.Message.LOG_NOTIFY_TOGGLE_ON PASSED

MessageTest > testMessage(Field) > [266] public static final me.lucko.luckperms.common.locale.Message$Args0 me.lucko.luckperms.common.locale.Message.LOG_NOTIFY_TOGGLE_OFF PASSED

MessageTest > testMessage(Field) > [267] public static final me.lucko.luckperms.common.locale.Message$Args0 me.lucko.luckperms.common.locale.Message.LOG_NOTIFY_ALREADY_ON PASSED

MessageTest > testMessage(Field) > [268] public static final me.lucko.luckperms.common.locale.Message$Args0 me.lucko.luckperms.common.locale.Message.LOG_NOTIFY_ALREADY_OFF PASSED

MessageTest > testMessage(Field) > [269] public static final me.lucko.luckperms.common.locale.Message$Args0 me.lucko.luckperms.common.locale.Message.LOG_NOTIFY_UNKNOWN PASSED

MessageTest > testMessage(Field) > [270] public static final me.lucko.luckperms.common.locale.Message$Args3 me.lucko.luckperms.common.locale.Message.LOG_SEARCH_HEADER PASSED

MessageTest > testMessage(Field) > [271] public static final me.lucko.luckperms.common.locale.Message$Args2 me.lucko.luckperms.common.locale.Message.LOG_RECENT_HEADER PASSED

MessageTest > testMessage(Field) > [272] public static final me.lucko.luckperms.common.locale.Message$Args3 me.lucko.luckperms.common.locale.Message.LOG_RECENT_BY_HEADER PASSED

MessageTest > testMessage(Field) > [273] public static final me.lucko.luckperms.common.locale.Message$Args3 me.lucko.luckperms.common.locale.Message.LOG_HISTORY_USER_HEADER PASSED

MessageTest > testMessage(Field) > [274] public static final me.lucko.luckperms.common.locale.Message$Args3 me.lucko.luckperms.common.locale.Message.LOG_HISTORY_GROUP_HEADER PASSED

MessageTest > testMessage(Field) > [275] public static final me.lucko.luckperms.common.locale.Message$Args3 me.lucko.luckperms.common.locale.Message.LOG_HISTORY_TRACK_HEADER PASSED

MessageTest > testMessage(Field) > [276] public static final me.lucko.luckperms.common.locale.Message$Args0 me.lucko.luckperms.common.locale.Message.IMPORT_ALREADY_RUNNING PASSED

MessageTest > testMessage(Field) > [277] public static final me.lucko.luckperms.common.locale.Message$Args0 me.lucko.luckperms.common.locale.Message.EXPORT_ALREADY_RUNNING PASSED

MessageTest > testMessage(Field) > [278] public static final me.lucko.luckperms.common.locale.Message$Args1 me.lucko.luckperms.common.locale.Message.FILE_NOT_WITHIN_DIRECTORY PASSED

MessageTest > testMessage(Field) > [279] public static final me.lucko.luckperms.common.locale.Message$Args1 me.lucko.luckperms.common.locale.Message.EXPORT_FILE_ALREADY_EXISTS PASSED

MessageTest > testMessage(Field) > [280] public static final me.lucko.luckperms.common.locale.Message$Args1 me.lucko.luckperms.common.locale.Message.EXPORT_FILE_NOT_WRITABLE PASSED

MessageTest > testMessage(Field) > [281] public static final me.lucko.luckperms.common.locale.Message$Args0 me.lucko.luckperms.common.locale.Message.EXPORT_FILE_FAILURE PASSED

MessageTest > testMessage(Field) > [282] public static final me.lucko.luckperms.common.locale.Message$Args1 me.lucko.luckperms.common.locale.Message.EXPORT_FILE_SUCCESS PASSED

MessageTest > testMessage(Field) > [283] public static final me.lucko.luckperms.common.locale.Message$Args2 me.lucko.luckperms.common.locale.Message.EXPORT_WEB_SUCCESS PASSED

MessageTest > testMessage(Field) > [284] public static final me.lucko.luckperms.common.locale.Message$Args1 me.lucko.luckperms.common.locale.Message.IMPORT_FILE_DOESNT_EXIST PASSED

MessageTest > testMessage(Field) > [285] public static final me.lucko.luckperms.common.locale.Message$Args1 me.lucko.luckperms.common.locale.Message.IMPORT_FILE_NOT_READABLE PASSED

MessageTest > testMessage(Field) > [286] public static final me.lucko.luckperms.common.locale.Message$Args0 me.lucko.luckperms.common.locale.Message.IMPORT_FILE_READ_FAILURE PASSED

MessageTest > testMessage(Field) > [287] public static final me.lucko.luckperms.common.locale.Message$Args1 me.lucko.luckperms.common.locale.Message.IMPORT_WEB_INVALID_CODE PASSED

MessageTest > testMessage(Field) > [288] public static final me.lucko.luckperms.common.locale.Message$Args2 me.lucko.luckperms.common.locale.Message.HTTP_REQUEST_FAILURE PASSED

MessageTest > testMessage(Field) > [289] public static final me.lucko.luckperms.common.locale.Message$Args0 me.lucko.luckperms.common.locale.Message.HTTP_UNKNOWN_FAILURE PASSED

MessageTest > testMessage(Field) > [290] public static final me.lucko.luckperms.common.locale.Message$Args1 me.lucko.luckperms.common.locale.Message.IMPORT_UNABLE_TO_READ PASSED

MessageTest > testMessage(Field) > [291] public static final me.lucko.luckperms.common.locale.Message$Args3 me.lucko.luckperms.common.locale.Message.IMPORT_PROGRESS PASSED

MessageTest > testMessage(Field) > [292] public static final me.lucko.luckperms.common.locale.Message$Args0 me.lucko.luckperms.common.locale.Message.IMPORT_START PASSED

MessageTest > testMessage(Field) > [293] public static final me.lucko.luckperms.common.locale.Message$Args1 me.lucko.luckperms.common.locale.Message.IMPORT_INFO PASSED

MessageTest > testMessage(Field) > [294] public static final me.lucko.luckperms.common.locale.Message$Args1 me.lucko.luckperms.common.locale.Message.IMPORT_END_COMPLETE PASSED

ActionFilterMongoTest > testQueries(FilterList, String) > [1] SOURCE_UNIQUE_ID == 725d585e-4ff1-4f18-acca-6ac538364080 PASSED

ActionFilterMongoTest > testQueries(FilterList, String) > [2] TARGET_TYPE == USER and TARGET_UNIQUE_ID == 725d585e-4ff1-4f18-acca-6ac538364080 PASSED

ActionFilterMongoTest > testQueries(FilterList, String) > [3] TARGET_TYPE == GROUP and TARGET_NAME == test PASSED

ActionFilterMongoTest > testQueries(FilterList, String) > [4] TARGET_TYPE == TRACK and TARGET_NAME == test PASSED

ActionFilterMongoTest > testQueries(FilterList, String) > [5] SOURCE_NAME ~~ %test% or TARGET_NAME ~~ %test% or DESCRIPTION ~~ %test% PASSED

ActionFilterSqlTest > testFiltersSql(FilterList, String, String) > [1] WHERE actor_uuid = 725d585e-4ff1-4f18-acca-6ac538364080 PASSED

ActionFilterSqlTest > testFiltersSql(FilterList, String, String) > [2] WHERE type = U AND acted_uuid = 725d585e-4ff1-4f18-acca-6ac538364080 PASSED

ActionFilterSqlTest > testFiltersSql(FilterList, String, String) > [3] WHERE type = G AND acted_name = test PASSED

ActionFilterSqlTest > testFiltersSql(FilterList, String, String) > [4] WHERE type = T AND acted_name = test PASSED

ActionFilterSqlTest > testFiltersSql(FilterList, String, String) > [5] WHERE actor_name LIKE %test% OR acted_name LIKE %test% OR action LIKE %test% PASSED

ActionFilterTest > testGroup() PASSED

ActionFilterTest > testTrack() PASSED

ActionFilterTest > testUser() PASSED

ActionFilterTest > testSearch() PASSED

ActionFilterTest > testSource() PASSED

BulkUpdateSqlTest > testSimpleActionSql(String, BulkUpdateAction) > [1] DELETE FROM {table} PASSED

BulkUpdateSqlTest > testSimpleActionSql(String, BulkUpdateAction) > [2] UPDATE {table} SET permission=foo PASSED

BulkUpdateSqlTest > testSimpleActionSql(String, BulkUpdateAction) > [3] UPDATE {table} SET server=foo PASSED

BulkUpdateSqlTest > testSimpleActionSql(String, BulkUpdateAction) > [4] UPDATE {table} SET world=foo PASSED

BulkUpdateSqlTest > testQueryFilterMultipleSql() PASSED

BulkUpdateSqlTest > testQueryFilterSql(String, BulkUpdateAction, BulkUpdateField, Comparison, String) > [1] DELETE FROM {table} WHERE permission = foo PASSED

BulkUpdateSqlTest > testQueryFilterSql(String, BulkUpdateAction, BulkUpdateField, Comparison, String) > [2] DELETE FROM {table} WHERE permission != foo PASSED

BulkUpdateSqlTest > testQueryFilterSql(String, BulkUpdateAction, BulkUpdateField, Comparison, String) > [3] DELETE FROM {table} WHERE permission LIKE foo PASSED

BulkUpdateSqlTest > testQueryFilterSql(String, BulkUpdateAction, BulkUpdateField, Comparison, String) > [4] DELETE FROM {table} WHERE permission NOT LIKE foo PASSED

BulkUpdateSqlTest > testQueryFilterSql(String, BulkUpdateAction, BulkUpdateField, Comparison, String) > [5] UPDATE {table} SET server=foo WHERE world = bar PASSED

BulkUpdateTest > testDelete() PASSED

BulkUpdateTest > testUpdate() PASSED

MetaAccumulatorTest > testEmpty() PASSED

MetaAccumulatorTest > testSimple() PASSED

MetaAccumulatorTest > testStates() PASSED

MetaStackAccumulatorTest > testEmpty() PASSED

MetaStackAccumulatorTest > testMultiple() PASSED

MetaStackAccumulatorTest > testSingle() PASSED

MetaStackElementTest > testHighestInherited() PASSED

MetaStackElementTest > testHighestOwn() PASSED

MetaStackElementTest > testHighestNotFromGroup() PASSED

MetaStackElementTest > testHighestNotFromGroupOnTrack() PASSED

MetaStackElementTest > testHighestFromGroup() PASSED

MetaStackElementTest > testHighest() PASSED

MetaStackElementTest > testHighestFromGroupOnTrack() PASSED

MetaStackElementTest > testLowest() PASSED

MetaValueSelectorTest > testStrategies() PASSED

UsageTrackedTest > testUsedRecently() PASSED

PermissionCalculatorTest > testRegex(String, Tristate) > [1] hello, UNDEFINED PASSED

PermissionCalculatorTest > testRegex(String, Tristate) > [2] hello1, TRUE PASSED

PermissionCalculatorTest > testRegex(String, Tristate) > [3] hello123, TRUE PASSED

PermissionCalculatorTest > testRegex(String, Tristate) > [4] helloo, UNDEFINED PASSED

PermissionCalculatorTest > testRegex(String, Tristate) > [5] regex1, FALSE PASSED

PermissionCalculatorTest > testRegex(String, Tristate) > [6] regexes2, FALSE PASSED

PermissionCalculatorTest > testRegex(String, Tristate) > [7] regexp3, FALSE PASSED

PermissionCalculatorTest > testRegex(String, Tristate) > [8] regexps4, FALSE PASSED

PermissionCalculatorTest > testWildcard(String, boolean, String) > [1] one.two.three.four, true, direct PASSED

PermissionCalculatorTest > testWildcard(String, boolean, String) > [2] one.two.three.test, false, wildcard PASSED

PermissionCalculatorTest > testWildcard(String, boolean, String) > [3] one.two.three.*, false, direct PASSED

PermissionCalculatorTest > testWildcard(String, boolean, String) > [4] one.two.three, true, direct PASSED

PermissionCalculatorTest > testWildcard(String, boolean, String) > [5] one.two.test, false, wildcard PASSED

PermissionCalculatorTest > testWildcard(String, boolean, String) > [6] one.two.*, false, direct PASSED

PermissionCalculatorTest > testWildcard(String, boolean, String) > [7] one.two, true, direct PASSED

PermissionCalculatorTest > testWildcard(String, boolean, String) > [8] one.test, false, wildcard PASSED

PermissionCalculatorTest > testWildcard(String, boolean, String) > [9] one.*, false, direct PASSED

PermissionCalculatorTest > testWildcard(String, boolean, String) > [10] one, true, direct PASSED

PermissionCalculatorTest > testWildcard(String, boolean, String) > [11] test, false, wildcard PASSED

PermissionCalculatorTest > testWildcard(String, boolean, String) > [12] *, false, direct PASSED

PermissionCalculatorTest > testDirect(String, Tristate) > [1] test, UNDEFINED PASSED

PermissionCalculatorTest > testDirect(String, Tristate) > [2] test.node1, TRUE PASSED

PermissionCalculatorTest > testDirect(String, Tristate) > [3] test.node2, FALSE PASSED

PermissionCalculatorTest > testOverrideWildcard() PASSED

CommandPermissionTest > testReadOnly(CommandPermission) > [1] SYNC PASSED

CommandPermissionTest > testReadOnly(CommandPermission) > [2] INFO PASSED

CommandPermissionTest > testReadOnly(CommandPermission) > [3] EDITOR PASSED

CommandPermissionTest > testReadOnly(CommandPermission) > [4] VERBOSE PASSED

CommandPermissionTest > testReadOnly(CommandPermission) > [5] VERBOSE_COMMAND_OTHERS PASSED

CommandPermissionTest > testReadOnly(CommandPermission) > [6] TREE PASSED

CommandPermissionTest > testReadOnly(CommandPermission) > [7] SEARCH PASSED

CommandPermissionTest > testReadOnly(CommandPermission) > [8] IMPORT PASSED

CommandPermissionTest > testReadOnly(CommandPermission) > [9] EXPORT PASSED

CommandPermissionTest > testReadOnly(CommandPermission) > [10] RELOAD_CONFIG PASSED

CommandPermissionTest > testReadOnly(CommandPermission) > [11] BULK_UPDATE PASSED

CommandPermissionTest > testReadOnly(CommandPermission) > [12] APPLY_EDITS PASSED

CommandPermissionTest > testReadOnly(CommandPermission) > [13] TRUST_EDITOR PASSED

CommandPermissionTest > testReadOnly(CommandPermission) > [14] TRANSLATIONS PASSED

CommandPermissionTest > testReadOnly(CommandPermission) > [15] CREATE_GROUP PASSED

CommandPermissionTest > testReadOnly(CommandPermission) > [16] DELETE_GROUP PASSED

CommandPermissionTest > testReadOnly(CommandPermission) > [17] LIST_GROUPS PASSED

CommandPermissionTest > testReadOnly(CommandPermission) > [18] CREATE_TRACK PASSED

CommandPermissionTest > testReadOnly(CommandPermission) > [19] DELETE_TRACK PASSED

CommandPermissionTest > testReadOnly(CommandPermission) > [20] LIST_TRACKS PASSED

CommandPermissionTest > testReadOnly(CommandPermission) > [21] USER_INFO PASSED

CommandPermissionTest > testReadOnly(CommandPermission) > [22] USER_PERM_INFO PASSED

CommandPermissionTest > testReadOnly(CommandPermission) > [23] USER_PERM_SET PASSED

CommandPermissionTest > testReadOnly(CommandPermission) > [24] USER_PERM_UNSET PASSED

CommandPermissionTest > testReadOnly(CommandPermission) > [25] USER_PERM_SET_TEMP PASSED

CommandPermissionTest > testReadOnly(CommandPermission) > [26] USER_PERM_UNSET_TEMP PASSED

CommandPermissionTest > testReadOnly(CommandPermission) > [27] USER_PERM_CHECK PASSED

CommandPermissionTest > testReadOnly(CommandPermission) > [28] USER_PERM_CLEAR PASSED

CommandPermissionTest > testReadOnly(CommandPermission) > [29] USER_PARENT_INFO PASSED

CommandPermissionTest > testReadOnly(CommandPermission) > [30] USER_PARENT_SET PASSED

CommandPermissionTest > testReadOnly(CommandPermission) > [31] USER_PARENT_SET_TRACK PASSED

CommandPermissionTest > testReadOnly(CommandPermission) > [32] USER_PARENT_ADD PASSED

CommandPermissionTest > testReadOnly(CommandPermission) > [33] USER_PARENT_REMOVE PASSED

CommandPermissionTest > testReadOnly(CommandPermission) > [34] USER_PARENT_ADD_TEMP PASSED

CommandPermissionTest > testReadOnly(CommandPermission) > [35] USER_PARENT_REMOVE_TEMP PASSED

CommandPermissionTest > testReadOnly(CommandPermission) > [36] USER_PARENT_CLEAR PASSED

CommandPermissionTest > testReadOnly(CommandPermission) > [37] USER_PARENT_CLEAR_TRACK PASSED

CommandPermissionTest > testReadOnly(CommandPermission) > [38] USER_PARENT_SWITCHPRIMARYGROUP PASSED

CommandPermissionTest > testReadOnly(CommandPermission) > [39] USER_META_INFO PASSED

CommandPermissionTest > testReadOnly(CommandPermission) > [40] USER_META_SET PASSED

CommandPermissionTest > testReadOnly(CommandPermission) > [41] USER_META_UNSET PASSED

CommandPermissionTest > testReadOnly(CommandPermission) > [42] USER_META_SET_TEMP PASSED

CommandPermissionTest > testReadOnly(CommandPermission) > [43] USER_META_UNSET_TEMP PASSED

CommandPermissionTest > testReadOnly(CommandPermission) > [44] USER_META_ADD_PREFIX PASSED

CommandPermissionTest > testReadOnly(CommandPermission) > [45] USER_META_ADD_SUFFIX PASSED

CommandPermissionTest > testReadOnly(CommandPermission) > [46] USER_META_SET_PREFIX PASSED

CommandPermissionTest > testReadOnly(CommandPermission) > [47] USER_META_SET_SUFFIX PASSED

CommandPermissionTest > testReadOnly(CommandPermission) > [48] USER_META_REMOVE_PREFIX PASSED

CommandPermissionTest > testReadOnly(CommandPermission) > [49] USER_META_REMOVE_SUFFIX PASSED

CommandPermissionTest > testReadOnly(CommandPermission) > [50] USER_META_ADD_TEMP_PREFIX PASSED

CommandPermissionTest > testReadOnly(CommandPermission) > [51] USER_META_ADD_TEMP_SUFFIX PASSED

CommandPermissionTest > testReadOnly(CommandPermission) > [52] USER_META_SET_TEMP_PREFIX PASSED

CommandPermissionTest > testReadOnly(CommandPermission) > [53] USER_META_SET_TEMP_SUFFIX PASSED

CommandPermissionTest > testReadOnly(CommandPermission) > [54] USER_META_REMOVE_TEMP_PREFIX PASSED

CommandPermissionTest > testReadOnly(CommandPermission) > [55] USER_META_REMOVE_TEMP_SUFFIX PASSED

CommandPermissionTest > testReadOnly(CommandPermission) > [56] USER_META_CLEAR PASSED

CommandPermissionTest > testReadOnly(CommandPermission) > [57] USER_EDITOR PASSED

CommandPermissionTest > testReadOnly(CommandPermission) > [58] USER_SHOW_TRACKS PASSED

CommandPermissionTest > testReadOnly(CommandPermission) > [59] USER_PROMOTE PASSED

CommandPermissionTest > testReadOnly(CommandPermission) > [60] USER_DEMOTE PASSED

CommandPermissionTest > testReadOnly(CommandPermission) > [61] USER_CLEAR PASSED

CommandPermissionTest > testReadOnly(CommandPermission) > [62] USER_CLONE PASSED

CommandPermissionTest > testReadOnly(CommandPermission) > [63] GROUP_INFO PASSED

CommandPermissionTest > testReadOnly(CommandPermission) > [64] GROUP_PERM_INFO PASSED

CommandPermissionTest > testReadOnly(CommandPermission) > [65] GROUP_PERM_SET PASSED

CommandPermissionTest > testReadOnly(CommandPermission) > [66] GROUP_PERM_UNSET PASSED

CommandPermissionTest > testReadOnly(CommandPermission) > [67] GROUP_PERM_SET_TEMP PASSED

CommandPermissionTest > testReadOnly(CommandPermission) > [68] GROUP_PERM_UNSET_TEMP PASSED

CommandPermissionTest > testReadOnly(CommandPermission) > [69] GROUP_PERM_CHECK PASSED

CommandPermissionTest > testReadOnly(CommandPermission) > [70] GROUP_PERM_CLEAR PASSED

CommandPermissionTest > testReadOnly(CommandPermission) > [71] GROUP_PARENT_INFO PASSED

CommandPermissionTest > testReadOnly(CommandPermission) > [72] GROUP_PARENT_SET PASSED

CommandPermissionTest > testReadOnly(CommandPermission) > [73] GROUP_PARENT_SET_TRACK PASSED

CommandPermissionTest > testReadOnly(CommandPermission) > [74] GROUP_PARENT_ADD PASSED

CommandPermissionTest > testReadOnly(CommandPermission) > [75] GROUP_PARENT_REMOVE PASSED

CommandPermissionTest > testReadOnly(CommandPermission) > [76] GROUP_PARENT_ADD_TEMP PASSED

CommandPermissionTest > testReadOnly(CommandPermission) > [77] GROUP_PARENT_REMOVE_TEMP PASSED

CommandPermissionTest > testReadOnly(CommandPermission) > [78] GROUP_PARENT_CLEAR PASSED

CommandPermissionTest > testReadOnly(CommandPermission) > [79] GROUP_PARENT_CLEAR_TRACK PASSED

CommandPermissionTest > testReadOnly(CommandPermission) > [80] GROUP_META_INFO PASSED

CommandPermissionTest > testReadOnly(CommandPermission) > [81] GROUP_META_SET PASSED

CommandPermissionTest > testReadOnly(CommandPermission) > [82] GROUP_META_UNSET PASSED

CommandPermissionTest > testReadOnly(CommandPermission) > [83] GROUP_META_SET_TEMP PASSED

CommandPermissionTest > testReadOnly(CommandPermission) > [84] GROUP_META_UNSET_TEMP PASSED

CommandPermissionTest > testReadOnly(CommandPermission) > [85] GROUP_META_ADD_PREFIX PASSED

CommandPermissionTest > testReadOnly(CommandPermission) > [86] GROUP_META_ADD_SUFFIX PASSED

CommandPermissionTest > testReadOnly(CommandPermission) > [87] GROUP_META_SET_PREFIX PASSED

CommandPermissionTest > testReadOnly(CommandPermission) > [88] GROUP_META_SET_SUFFIX PASSED

CommandPermissionTest > testReadOnly(CommandPermission) > [89] GROUP_META_REMOVE_PREFIX PASSED

CommandPermissionTest > testReadOnly(CommandPermission) > [90] GROUP_META_REMOVE_SUFFIX PASSED

CommandPermissionTest > testReadOnly(CommandPermission) > [91] GROUP_META_ADD_TEMP_PREFIX PASSED

CommandPermissionTest > testReadOnly(CommandPermission) > [92] GROUP_META_ADD_TEMP_SUFFIX PASSED

CommandPermissionTest > testReadOnly(CommandPermission) > [93] GROUP_META_SET_TEMP_PREFIX PASSED

CommandPermissionTest > testReadOnly(CommandPermission) > [94] GROUP_META_SET_TEMP_SUFFIX PASSED

CommandPermissionTest > testReadOnly(CommandPermission) > [95] GROUP_META_REMOVE_TEMP_PREFIX PASSED

CommandPermissionTest > testReadOnly(CommandPermission) > [96] GROUP_META_REMOVE_TEMP_SUFFIX PASSED

CommandPermissionTest > testReadOnly(CommandPermission) > [97] GROUP_META_CLEAR PASSED

CommandPermissionTest > testReadOnly(CommandPermission) > [98] GROUP_EDITOR PASSED

CommandPermissionTest > testReadOnly(CommandPermission) > [99] GROUP_LIST_MEMBERS PASSED

CommandPermissionTest > testReadOnly(CommandPermission) > [100] GROUP_SHOW_TRACKS PASSED

CommandPermissionTest > testReadOnly(CommandPermission) > [101] GROUP_SET_WEIGHT PASSED

CommandPermissionTest > testReadOnly(CommandPermission) > [102] GROUP_SET_DISPLAY_NAME PASSED

CommandPermissionTest > testReadOnly(CommandPermission) > [103] GROUP_CLEAR PASSED

CommandPermissionTest > testReadOnly(CommandPermission) > [104] GROUP_RENAME PASSED

CommandPermissionTest > testReadOnly(CommandPermission) > [105] GROUP_CLONE PASSED

CommandPermissionTest > testReadOnly(CommandPermission) > [106] TRACK_INFO PASSED

CommandPermissionTest > testReadOnly(CommandPermission) > [107] TRACK_EDITOR PASSED

CommandPermissionTest > testReadOnly(CommandPermission) > [108] TRACK_APPEND PASSED

CommandPermissionTest > testReadOnly(CommandPermission) > [109] TRACK_INSERT PASSED

CommandPermissionTest > testReadOnly(CommandPermission) > [110] TRACK_REMOVE PASSED

CommandPermissionTest > testReadOnly(CommandPermission) > [111] TRACK_CLEAR PASSED

CommandPermissionTest > testReadOnly(CommandPermission) > [112] TRACK_RENAME PASSED

CommandPermissionTest > testReadOnly(CommandPermission) > [113] TRACK_CLONE PASSED

CommandPermissionTest > testReadOnly(CommandPermission) > [114] LOG_RECENT PASSED

CommandPermissionTest > testReadOnly(CommandPermission) > [115] LOG_USER_HISTORY PASSED

CommandPermissionTest > testReadOnly(CommandPermission) > [116] LOG_GROUP_HISTORY PASSED

CommandPermissionTest > testReadOnly(CommandPermission) > [117] LOG_TRACK_HISTORY PASSED

CommandPermissionTest > testReadOnly(CommandPermission) > [118] LOG_SEARCH PASSED

CommandPermissionTest > testReadOnly(CommandPermission) > [119] LOG_NOTIFY PASSED

ArgumentListTest > testParseContext(String[], ContextSet) > [1] [], ImmutableContextSet([]) PASSED

ArgumentListTest > testParseContext(String[], ContextSet) > [2] [test], ImmutableContextSet([server=test]) PASSED

ArgumentListTest > testParseContext(String[], ContextSet) > [3] [a, b, c], ImmutableContextSet([server=a, server=c, world=b]) PASSED

ArgumentListTest > testParseContext(String[], ContextSet) > [4] [a, thing=b, c], ImmutableContextSet([server=a, server=c, thing=b]) PASSED

ArgumentListTest > testParseContext(String[], ContextSet) > [5] [thing=a, thing=b, c], ImmutableContextSet([server=c, thing=a, thing=b]) PASSED

ArgumentListTest > testParseContext(String[], ContextSet) > [6] [=], ImmutableContextSet([]) PASSED

ArgumentListTest > testGetInt() PASSED

ArgumentListTest > testGetString() PASSED

ArgumentTokenizerTest > testTabCompleteTokenize(String, String[]) > [1] hello world , [hello, world, ] PASSED

ArgumentTokenizerTest > testTabCompleteTokenize(String, String[]) > [2] hello world  , [hello, world, , ] PASSED

ArgumentTokenizerTest > testBasicTokenize(String, String[]) > [1] , [] PASSED

ArgumentTokenizerTest > testBasicTokenize(String, String[]) > [2] hello world, [hello, world] PASSED

ArgumentTokenizerTest > testBasicTokenize(String, String[]) > [3] hello  world, [hello, , world] PASSED

ArgumentTokenizerTest > testBasicTokenize(String, String[]) > [4] hello   world, [hello, , , world] PASSED

ArgumentTokenizerTest > testBasicTokenize(String, String[]) > [5] "hello world", [hello world] PASSED

ArgumentTokenizerTest > testBasicTokenize(String, String[]) > [6] "hello  world", [hello  world] PASSED

ArgumentTokenizerTest > testBasicTokenize(String, String[]) > [7] " hello world", [ hello world] PASSED

ArgumentTokenizerTest > testBasicTokenize(String, String[]) > [8] "hello world ", [hello world ] PASSED

ArgumentTokenizerTest > testBasicTokenize(String, String[]) > [9] "hello""world", [hello, world] PASSED

ArgumentTokenizerTest > testBasicTokenize(String, String[]) > [10] "hello" "world", [hello, world] PASSED

ArgumentTokenizerTest > testExecuteTokenize(String, String[]) > [1] hello world , [hello, world] PASSED

ArgumentTokenizerTest > testExecuteTokenize(String, String[]) > [2] hello world  , [hello, world, ] PASSED

FileSecretConfigAdapterTest > testNoOp() PASSED

FileSecretConfigAdapterTest > testRead(Path) PASSED

ContextSetComparatorTest > testOverallSize() PASSED

ContextSetComparatorTest > testWorldPresence() PASSED

ContextSetComparatorTest > testEmpty() PASSED

ContextSetComparatorTest > testOverallSizeAll(ImmutableContextSet) > [1] ImmutableContextSet([]) PASSED

ContextSetComparatorTest > testOverallSizeAll(ImmutableContextSet) > [2] ImmutableContextSet([server=foo]) PASSED

ContextSetComparatorTest > testOverallSizeAll(ImmutableContextSet) > [3] ImmutableContextSet([world=foo]) PASSED

ContextSetComparatorTest > testOverallSizeAll(ImmutableContextSet) > [4] ImmutableContextSet([server=foo, world=foo]) PASSED

ContextSetComparatorTest > testOverallSizeAll(ImmutableContextSet) > [5] ImmutableContextSet([foo=bar, foo=foo]) PASSED

ContextSetComparatorTest > testOverallSizeAll(ImmutableContextSet) > [6] ImmutableContextSet([foo=bar, foo=foo, server=foo]) PASSED

ContextSetComparatorTest > testOverallSizeAll(ImmutableContextSet) > [7] ImmutableContextSet([foo=bar, foo=foo, world=foo]) PASSED

ContextSetComparatorTest > testOverallSizeAll(ImmutableContextSet) > [8] ImmutableContextSet([foo=foo, server=foo, world=foo]) PASSED

ContextSetComparatorTest > testOverallSizeAll(ImmutableContextSet) > [9] ImmutableContextSet([foo=bar, foo=foo, server=foo, world=foo]) PASSED

ContextSetComparatorTest > testEquals(ImmutableContextSet) > [1] ImmutableContextSet([]) PASSED

ContextSetComparatorTest > testEquals(ImmutableContextSet) > [2] ImmutableContextSet([server=foo]) PASSED

ContextSetComparatorTest > testEquals(ImmutableContextSet) > [3] ImmutableContextSet([world=foo]) PASSED

ContextSetComparatorTest > testEquals(ImmutableContextSet) > [4] ImmutableContextSet([server=foo, world=foo]) PASSED

ContextSetComparatorTest > testEquals(ImmutableContextSet) > [5] ImmutableContextSet([foo=bar, foo=foo]) PASSED

ContextSetComparatorTest > testEquals(ImmutableContextSet) > [6] ImmutableContextSet([foo=bar, foo=foo, server=foo]) PASSED

ContextSetComparatorTest > testEquals(ImmutableContextSet) > [7] ImmutableContextSet([foo=bar, foo=foo, world=foo]) PASSED

ContextSetComparatorTest > testEquals(ImmutableContextSet) > [8] ImmutableContextSet([foo=foo, server=foo, world=foo]) PASSED

ContextSetComparatorTest > testEquals(ImmutableContextSet) > [9] ImmutableContextSet([foo=bar, foo=foo, server=foo, world=foo]) PASSED

ContextSetComparatorTest > testServerPresence() PASSED

ContextSetComparatorTest > testTransitivity(ImmutableContextSet, ImmutableContextSet, ImmutableContextSet) > [1] ImmutableContextSet([a=-]), ImmutableContextSet([b=-]), ImmutableContextSet([c=-]) PASSED

ContextSetComparatorTest > testTransitivity(ImmutableContextSet, ImmutableContextSet, ImmutableContextSet) > [2] ImmutableContextSet([-=a]), ImmutableContextSet([-=b]), ImmutableContextSet([-=c]) PASSED

ContextSetJsonSerializerTest > testDeserializeEmpty(String) > [1] {} PASSED

ContextSetJsonSerializerTest > testDeserializeEmpty(String) > [2] { } PASSED

ContextSetJsonSerializerTest > testDeserializeEmpty(String) > [3]  PASSED

ContextSetJsonSerializerTest > testSerialize() PASSED

ContextSetJsonSerializerTest > testDeserializeThrows(String) > [1] null PASSED

ContextSetJsonSerializerTest > testDeserializeThrows(String) > [2] [] PASSED

ContextSetJsonSerializerTest > testDeserializeThrows(String) > [3] foo PASSED

ContextSetJsonSerializerTest > testDeserialize() PASSED

ImmutableContextSetTest > testContainsAllTrue(Consumer) > [1] me.lucko.luckperms.common.context.ImmutableContextSetTest$$Lambda/0x000002a09349ad58@4770e50a PASSED

ImmutableContextSetTest > testContainsAllTrue(Consumer) > [2] me.lucko.luckperms.common.context.ImmutableContextSetTest$$Lambda/0x000002a09349af78@657c93da PASSED

ImmutableContextSetTest > testContainsAllTrue(Consumer) > [3] me.lucko.luckperms.common.context.ImmutableContextSetTest$$Lambda/0x000002a09349b198@1d904637 PASSED

ImmutableContextSetTest > testContainsAllTrue(Consumer) > [4] me.lucko.luckperms.common.context.ImmutableContextSetTest$$Lambda/0x000002a09349b3b8@11d59d0 PASSED

ImmutableContextSetTest > testBuilder(Consumer) > [1] me.lucko.luckperms.common.context.ImmutableContextSetTest$$Lambda/0x000002a09349b5d8@45ba21bc PASSED

ImmutableContextSetTest > testBuilder(Consumer) > [2] me.lucko.luckperms.common.context.ImmutableContextSetTest$$Lambda/0x000002a09349b7f8@4b2b2757 PASSED

ImmutableContextSetTest > testBuilder(Consumer) > [3] me.lucko.luckperms.common.context.ImmutableContextSetTest$$Lambda/0x000002a09349ba18@6ed836b3 PASSED

ImmutableContextSetTest > testBuilder(Consumer) > [4] me.lucko.luckperms.common.context.ImmutableContextSetTest$$Lambda/0x000002a09349bc38@6f3af541 PASSED

ImmutableContextSetTest > testBuilder(Consumer) > [5] me.lucko.luckperms.common.context.ImmutableContextSetTest$$Lambda/0x000002a09349be58@704a0f9 PASSED

ImmutableContextSetTest > testContains() PASSED

ImmutableContextSetTest > testContainsAllFalse(Consumer) > [1] me.lucko.luckperms.common.context.ImmutableContextSetTest$$Lambda/0x000002a09349c078@167eab4 PASSED

ImmutableContextSetTest > testContainsAllFalse(Consumer) > [2] me.lucko.luckperms.common.context.ImmutableContextSetTest$$Lambda/0x000002a09349c298@1962f55 PASSED

ImmutableContextSetTest > testContainsAllFalse(Consumer) > [3] me.lucko.luckperms.common.context.ImmutableContextSetTest$$Lambda/0x000002a09349c4b8@398c2298 PASSED

ImmutableContextSetTest > testContainsAllFalse(Consumer) > [4] me.lucko.luckperms.common.context.ImmutableContextSetTest$$Lambda/0x000002a09349c6d8@78682201 PASSED

ImmutableContextSetTest > testContainsAllFalse(Consumer) > [5] me.lucko.luckperms.common.context.ImmutableContextSetTest$$Lambda/0x000002a09349c8f8@77966cc3 PASSED

DependencyChecksumTest > checksumMatches(Dependency) > [1] ASM PASSED

DependencyChecksumTest > checksumMatches(Dependency) > [2] ASM_COMMONS PASSED

DependencyChecksumTest > checksumMatches(Dependency) > [3] JAR_RELOCATOR PASSED

DependencyChecksumTest > checksumMatches(Dependency) > [4] ADVENTURE PASSED

DependencyChecksumTest > checksumMatches(Dependency) > [5] ADVENTURE_PLATFORM PASSED

DependencyChecksumTest > checksumMatches(Dependency) > [6] ADVENTURE_PLATFORM_BUKKIT PASSED

DependencyChecksumTest > checksumMatches(Dependency) > [7] EVENT PASSED

DependencyChecksumTest > checksumMatches(Dependency) > [8] CAFFEINE PASSED

DependencyChecksumTest > checksumMatches(Dependency) > [9] OKIO PASSED

DependencyChecksumTest > checksumMatches(Dependency) > [10] OKHTTP PASSED

DependencyChecksumTest > checksumMatches(Dependency) > [11] BYTEBUDDY PASSED

DependencyChecksumTest > checksumMatches(Dependency) > [12] COMMODORE PASSED

DependencyChecksumTest > checksumMatches(Dependency) > [13] COMMODORE_FILE PASSED

DependencyChecksumTest > checksumMatches(Dependency) > [14] MARIADB_DRIVER PASSED

DependencyChecksumTest > checksumMatches(Dependency) > [15] MYSQL_DRIVER PASSED

DependencyChecksumTest > checksumMatches(Dependency) > [16] POSTGRESQL_DRIVER PASSED

DependencyChecksumTest > checksumMatches(Dependency) > [17] H2_DRIVER_LEGACY PASSED

DependencyChecksumTest > checksumMatches(Dependency) > [18] H2_DRIVER PASSED

DependencyChecksumTest > checksumMatches(Dependency) > [19] SQLITE_DRIVER PASSED

DependencyChecksumTest > checksumMatches(Dependency) > [20] HIKARI PASSED

DependencyChecksumTest > checksumMatches(Dependency) > [21] SLF4J_SIMPLE PASSED

DependencyChecksumTest > checksumMatches(Dependency) > [22] SLF4J_API PASSED

DependencyChecksumTest > checksumMatches(Dependency) > [23] MONGODB_DRIVER_CORE PASSED

DependencyChecksumTest > checksumMatches(Dependency) > [24] MONGODB_DRIVER_LEGACY PASSED

DependencyChecksumTest > checksumMatches(Dependency) > [25] MONGODB_DRIVER_SYNC PASSED

DependencyChecksumTest > checksumMatches(Dependency) > [26] MONGODB_DRIVER_BSON PASSED

DependencyChecksumTest > checksumMatches(Dependency) > [27] JEDIS PASSED

DependencyChecksumTest > checksumMatches(Dependency) > [28] NATS PASSED

DependencyChecksumTest > checksumMatches(Dependency) > [29] RABBITMQ PASSED

DependencyChecksumTest > checksumMatches(Dependency) > [30] COMMONS_POOL_2 PASSED

DependencyChecksumTest > checksumMatches(Dependency) > [31] CONFIGURATE_CORE PASSED

DependencyChecksumTest > checksumMatches(Dependency) > [32] CONFIGURATE_GSON PASSED

DependencyChecksumTest > checksumMatches(Dependency) > [33] CONFIGURATE_YAML PASSED

DependencyChecksumTest > checksumMatches(Dependency) > [34] SNAKEYAML PASSED

DependencyChecksumTest > checksumMatches(Dependency) > [35] CONFIGURATE_HOCON PASSED

DependencyChecksumTest > checksumMatches(Dependency) > [36] HOCON_CONFIG PASSED

DependencyChecksumTest > checksumMatches(Dependency) > [37] CONFIGURATE_TOML PASSED

DependencyChecksumTest > checksumMatches(Dependency) > [38] TOML4J PASSED

EventGeneratorTest > testGenerateAll() PASSED

EventGeneratorTest > testDefaultMethods() PASSED

EventGeneratorTest > testSimple() PASSED

ComparisonTest > testEquals(String, String, boolean) > [1] foo foo PASSED

ComparisonTest > testEquals(String, String, boolean) > [2] foo Foo PASSED

ComparisonTest > testEquals(String, String, boolean) > [3] Foo foo PASSED

ComparisonTest > testEquals(String, String, boolean) > [4] foo bar PASSED

ComparisonTest > testEquals(String, String, boolean) > [5] foo  PASSED

ComparisonTest > testEquals(String, String, boolean) > [6]  foo PASSED

ComparisonTest > testSimilar(String, String, boolean) > [1] foo foo PASSED

ComparisonTest > testSimilar(String, String, boolean) > [2] foo Foo PASSED

ComparisonTest > testSimilar(String, String, boolean) > [3] Foo foo PASSED

ComparisonTest > testSimilar(String, String, boolean) > [4] foo bar PASSED

ComparisonTest > testSimilar(String, String, boolean) > [5] foo  PASSED

ComparisonTest > testSimilar(String, String, boolean) > [6]  foo PASSED

ComparisonTest > testSimilar(String, String, boolean) > [7] foo% foobar PASSED

ComparisonTest > testSimilar(String, String, boolean) > [8] foo% Foobar PASSED

ComparisonTest > testSimilar(String, String, boolean) > [9] foo% foo PASSED

ComparisonTest > testSimilar(String, String, boolean) > [10] %bar% bar PASSED

ComparisonTest > testSimilar(String, String, boolean) > [11] %bar% foobar PASSED

ComparisonTest > testSimilar(String, String, boolean) > [12] %bar% barbaz PASSED

ComparisonTest > testSimilar(String, String, boolean) > [13] %bar% foobarbaz PASSED

ComparisonTest > testSimilar(String, String, boolean) > [14] _ar bar PASSED

ComparisonTest > testSimilar(String, String, boolean) > [15] _ar far PASSED

ComparisonTest > testSimilar(String, String, boolean) > [16] _ar BAR PASSED

ComparisonTest > testSimilar(String, String, boolean) > [17] _ar FAR PASSED

ComparisonTest > testSimilar(String, String, boolean) > [18] _ar ar PASSED

ComparisonTest > testSimilar(String, String, boolean) > [19] _ar bbar PASSED

FilterMongoTest > testQueries(FilterList, String) > [1]  PASSED

FilterMongoTest > testQueries(FilterList, String) > [2] foo == hello PASSED

FilterMongoTest > testQueries(FilterList, String) > [3] foo == hello and bar == world PASSED

FilterMongoTest > testQueries(FilterList, String) > [4] foo == hello PASSED

FilterMongoTest > testQueries(FilterList, String) > [5] foo == hello or bar == world PASSED

FilterMongoTest > testQueries(FilterList, String) > [6] foo == hello or bar != world or baz ~~ abc%xyz or baz !~ a_c PASSED

FilterSqlTest > testQueries(FilterList, String, String) > [1]  PASSED

FilterSqlTest > testQueries(FilterList, String, String) > [2] foo == hello PASSED

FilterSqlTest > testQueries(FilterList, String, String) > [3] foo == hello and bar == world PASSED

FilterSqlTest > testQueries(FilterList, String, String) > [4] foo == hello PASSED

FilterSqlTest > testQueries(FilterList, String, String) > [5] foo == hello or bar == world PASSED

FilterSqlTest > testQueries(FilterList, String, String) > [6] foo == hello or bar != world or baz ~~ abc%xyz or baz !~ a_c PASSED

PageParametersTest > testMaxPage(int, int, int) > [1] 5 150 PASSED

PageParametersTest > testMaxPage(int, int, int) > [2] 151 150 PASSED

PageParametersTest > testMaxPage(int, int, int) > [3] 150 150 PASSED

PageParametersTest > testMaxPage(int, int, int) > [4] 149 150 PASSED

PageParametersTest > testMaxPage(int, int, int) > [5] 1 1 PASSED

PageParametersTest > testMaxPage(int, int, int) > [6] 1 0 PASSED

PageParametersTest > testMaxPage(int, int, int) > [7] 10 0 PASSED

TranslationTest > testBundleParse() PASSED

MessageImplTest > testActionLogMessage() PASSED

MessageImplTest > testUserUpdateMessage() PASSED

MessageImplTest > testCustomMessage() PASSED

MessageImplTest > testUpdateMessage() PASSED

GroupManagerTest > testSanitizeIdentifier() PASSED

GroupManagerTest > testGetByDisplayName() PASSED

InheritanceTest > testInheritanceTree(TraversalAlgorithm, boolean, String) > [1] DEPTH_FIRST_PRE_ORDER, false PASSED

InheritanceTest > testInheritanceTree(TraversalAlgorithm, boolean, String) > [2] BREADTH_FIRST, false PASSED

InheritanceTest > testInheritanceTree(TraversalAlgorithm, boolean, String) > [3] DEPTH_FIRST_POST_ORDER, false PASSED

InheritanceTest > testInheritanceTree(TraversalAlgorithm, boolean, String) > [4] DEPTH_FIRST_PRE_ORDER, true PASSED

InheritanceTest > testInheritanceTree(TraversalAlgorithm, boolean, String) > [5] BREADTH_FIRST, true PASSED

InheritanceTest > testInheritanceTree(TraversalAlgorithm, boolean, String) > [6] DEPTH_FIRST_POST_ORDER, true PASSED

NodeMapTest > testRemoveExact() PASSED

NodeMapTest > testSimpleAddAndRemove() PASSED

NodeMapTest > testInheritanceOrigin() PASSED

NodeMapTest > testContextFiltering(String, int, int) > [1] , 2, 1 PASSED

NodeMapTest > testContextFiltering(String, int, int) > [2] server=test, 4, 2 PASSED

NodeMapTest > testContextFiltering(String, int, int) > [3] world=test, 4, 2 PASSED

NodeMapTest > testContextFiltering(String, int, int) > [4] server=test|world=test, 8, 4 PASSED

NodeMapTest > testContextFiltering(String, int, int) > [5] server=test|world=test|test=test, 8, 4 PASSED

NodeMapTest > testRemoveMatchingButNotSameExpiry(String, int, int) > [1] test, 1, 5 PASSED

NodeMapTest > testRemoveMatchingButNotSameExpiry(String, int, int) > [2] test, 5, 1 PASSED

NodeMapTest > testRemoveMatchingButNotSameExpiry(String, int, int) > [3] group.test, 1, 5 PASSED

NodeMapTest > testRemoveMatchingButNotSameExpiry(String, int, int) > [4] group.test, 5, 1 PASSED

NodeMapTest > testRemoveMatchingButNotSameValue(String, boolean, boolean) > [1] test, true, false PASSED

NodeMapTest > testRemoveMatchingButNotSameValue(String, boolean, boolean) > [2] test, false, true PASSED

NodeMapTest > testRemoveMatchingButNotSameValue(String, boolean, boolean) > [3] group.test, true, false PASSED

NodeMapTest > testRemoveMatchingButNotSameValue(String, boolean, boolean) > [4] group.test, false, true PASSED

NodeMapTest > testFlagsFiltering(boolean, boolean, boolean, boolean, int, int) > s=true w=true is=true iw=true PASSED

NodeMapTest > testFlagsFiltering(boolean, boolean, boolean, boolean, int, int) > s=true w=true is=false iw=false PASSED

NodeMapTest > testFlagsFiltering(boolean, boolean, boolean, boolean, int, int) > s=false w=true is=true iw=true PASSED

NodeMapTest > testFlagsFiltering(boolean, boolean, boolean, boolean, int, int) > s=true w=false is=true iw=true PASSED

NodeMapTest > testFlagsFiltering(boolean, boolean, boolean, boolean, int, int) > s=false w=false is=true iw=true PASSED

NodeMapTest > testFlagsFiltering(boolean, boolean, boolean, boolean, int, int) > s=false w=true is=false iw=true PASSED

NodeMapTest > testFlagsFiltering(boolean, boolean, boolean, boolean, int, int) > s=true w=false is=true iw=false PASSED

NodeMapTest > testFlagsFiltering(boolean, boolean, boolean, boolean, int, int) > s=false w=false is=false iw=false PASSED

NodeMapTest > testRemove() PASSED

PermissionHolderTest > testTemporaryMergeNone() PASSED

PermissionHolderTest > testTemporaryMergeReplaceIfLonger() PASSED

PermissionHolderTest > testTemporaryMergeAddDurations() PASSED

TrackManagerTest > testSanitizeIdentifier() PASSED

UserManagerTest > testGiveDefaultIfNeeded() PASSED

UserManagerTest > testIsDefaultNode() PASSED

UserManagerTest > testIsNonDefaultUser() PASSED

NodeBuildersTest > testDetermineMostApplicableType(String, String, String) > [1] luckperms.user.info, Permission$Builder, PERMISSION PASSED

NodeBuildersTest > testDetermineMostApplicableType(String, String, String) > [2] group.default, Inheritance$Builder, INHERITANCE PASSED

NodeBuildersTest > testDetermineMostApplicableType(String, String, String) > [3] meta.key.value, Meta$Builder, META PASSED

NodeBuildersTest > testDetermineMostApplicableType(String, String, String) > [4] prefix.100.hello, Prefix$Builder, PREFIX PASSED

NodeBuildersTest > testDetermineMostApplicableType(String, String, String) > [5] suffix.100.hello, Suffix$Builder, SUFFIX PASSED

NodeBuildersTest > testDetermineMostApplicableType(String, String, String) > [6] displayname.hello, DisplayName$Builder, DISPLAY_NAME PASSED

NodeBuildersTest > testDetermineMostApplicableType(String, String, String) > [7] weight.10, Weight$Builder, WEIGHT PASSED

NodeBuildersTest > testDetermineMostApplicableType(String, String, String) > [8] r=hello, RegexPermission$Builder, REGEX_PERMISSION PASSED

NodeBuildersTest > testDetermineMostApplicableType(String, String, String) > [9] R=hello, RegexPermission$Builder, REGEX_PERMISSION PASSED

NodeBuildersTest > testNonSpecificNodeBuild() PASSED

NodeCommandFactoryTest > testUndoCommand(String, Node, HolderType, boolean) > [1] group test permission unset test PASSED

NodeCommandFactoryTest > testUndoCommand(String, Node, HolderType, boolean) > [2] user test permission unset test PASSED

NodeCommandFactoryTest > testUndoCommand(String, Node, HolderType, boolean) > [3] user test permission unsettemp test PASSED

NodeCommandFactoryTest > testUndoCommand(String, Node, HolderType, boolean) > [4] user test permission unset test server=foo world=bar PASSED

NodeCommandFactoryTest > testUndoCommand(String, Node, HolderType, boolean) > [5] user test permission unset test global PASSED

NodeCommandFactoryTest > testUndoCommand(String, Node, HolderType, boolean) > [6] user test parent remove test PASSED

NodeCommandFactoryTest > testUndoCommand(String, Node, HolderType, boolean) > [7] user test parent removetemp test PASSED

NodeCommandFactoryTest > testUndoCommand(String, Node, HolderType, boolean) > [8] user test meta removeprefix 100 test PASSED

NodeCommandFactoryTest > testUndoCommand(String, Node, HolderType, boolean) > [9] user test meta removetempprefix 100 test PASSED

NodeCommandFactoryTest > testUndoCommand(String, Node, HolderType, boolean) > [10] user test meta removeprefix 100 "hello world" PASSED

NodeCommandFactoryTest > testUndoCommand(String, Node, HolderType, boolean) > [11] user test meta unset foo PASSED

NodeCommandFactoryTest > testUndoCommand(String, Node, HolderType, boolean) > [12] user test meta unsettemp foo PASSED

NodeMatcherTest > testKeyStartsWith(String, String) > [1] foo, foo% PASSED

NodeMatcherTest > testKey() PASSED

NodeMatcherTest > testType(NodeType, String) > [1] REGEX_PERMISSION, r=% PASSED

NodeMatcherTest > testType(NodeType, String) > [2] INHERITANCE, group.% PASSED

NodeMatcherTest > testType(NodeType, String) > [3] PREFIX, prefix.%.% PASSED

NodeMatcherTest > testType(NodeType, String) > [4] SUFFIX, suffix.%.% PASSED

NodeMatcherTest > testType(NodeType, String) > [5] META, meta.%.% PASSED

NodeMatcherTest > testType(NodeType, String) > [6] WEIGHT, weight.% PASSED

NodeMatcherTest > testType(NodeType, String) > [7] DISPLAY_NAME, displayname.% PASSED

NodeMatcherTest > testMetaKey(String, String) > [1] foo, meta.foo.% PASSED

NodeParseTest > testPrefixFail(String) > [1]  PASSED

NodeParseTest > testPrefixFail(String) > [2] aaaa PASSED

NodeParseTest > testPrefixFail(String) > [3] prefix. PASSED

NodeParseTest > testPrefixFail(String) > [4] prefix.hello PASSED

NodeParseTest > testPrefixFail(String) > [5] prefix.100 PASSED

NodeParseTest > testPrefixFail(String) > [6] prefix.hello.hello PASSED

NodeParseTest > testPrefixFail(String) > [7] suffix.100.hello PASSED

NodeParseTest > testSuffixFail(String) > [1]  PASSED

NodeParseTest > testSuffixFail(String) > [2] aaaa PASSED

NodeParseTest > testSuffixFail(String) > [3] suffix. PASSED

NodeParseTest > testSuffixFail(String) > [4] suffix.hello PASSED

NodeParseTest > testSuffixFail(String) > [5] suffix.100 PASSED

NodeParseTest > testSuffixFail(String) > [6] suffix.hello.hello PASSED

NodeParseTest > testSuffixFail(String) > [7] prefix.100.hello PASSED

NodeParseTest > testMeta(String, String, String) > [1] meta.k.v, k, v PASSED

NodeParseTest > testMeta(String, String, String) > [2] meta.hello.world, hello, world PASSED

NodeParseTest > testMeta(String, String, String) > [3] meta.hello., hello,  PASSED

NodeParseTest > testMeta(String, String, String) > [4] meta.a\.b.hel\.lo, a.b, hel.lo PASSED

NodeParseTest > testMeta(String, String, String) > [5] meta.a\\.b.hel\.lo, a\.b, hel.lo PASSED

NodeParseTest > testMeta(String, String, String) > [6] meta.a.b.c, a, b.c PASSED

NodeParseTest > testRegexPermissionFail(String) > [1]  PASSED

NodeParseTest > testRegexPermissionFail(String) > [2] aaaa PASSED

NodeParseTest > testInheritanceThrows(String) > [1] group.hello world PASSED

NodeParseTest > testDisplayNameThrows(String) > [1] displayname. PASSED

NodeParseTest > testMetaFail(String) > [1]  PASSED

NodeParseTest > testMetaFail(String) > [2] aaaa PASSED

NodeParseTest > testMetaFail(String) > [3] meta. PASSED

NodeParseTest > testMetaFail(String) > [4] meta.hello PASSED

NodeParseTest > testDisplayNameFail(String) > [1]  PASSED

NodeParseTest > testDisplayNameFail(String) > [2] aaaa PASSED

NodeParseTest > testRegexPermission(String, String) > [1] r=hello, hello PASSED

NodeParseTest > testRegexPermission(String, String) > [2] R=hello, hello PASSED

NodeParseTest > testRegexPermission(String, String) > [3] r=.*&^12 3[], .*&^12 3[] PASSED

NodeParseTest > testDisplayName(String, String) > [1] displayname.test, test PASSED

NodeParseTest > testDisplayName(String, String) > [2] displayname.TEST, TEST PASSED

NodeParseTest > testDisplayName(String, String) > [3] displayname.hello world, hello world PASSED

NodeParseTest > testInheritanceFail(String) > [1]  PASSED

NodeParseTest > testInheritanceFail(String) > [2] aaaa PASSED

NodeParseTest > testRegexPermissionFailThrows(String) > [1] r= PASSED

NodeParseTest > testRegexPermissionFailThrows(String) > [2] R= PASSED

NodeParseTest > testMetaFailThrows(String) > [1] meta.. PASSED

NodeParseTest > testPrefix(String, int, String) > [1] prefix.100.hello, 100, hello PASSED

NodeParseTest > testPrefix(String, int, String) > [2] prefix.-100.hello, -100, hello PASSED

NodeParseTest > testPrefix(String, int, String) > [3] prefix.0.hello, 0, hello PASSED

NodeParseTest > testPrefix(String, int, String) > [4] prefix.100.hello world, 100, hello world PASSED

NodeParseTest > testPrefix(String, int, String) > [5] prefix.100.HELLO world &123, 100, HELLO world &123 PASSED

NodeParseTest > testPrefix(String, int, String) > [6] prefix.100., 100,  PASSED

NodeParseTest > testPrefix(String, int, String) > [7] prefix.100.hello\.world, 100, hello.world PASSED

NodeParseTest > testPrefix(String, int, String) > [8] prefix.100.hello.world, 100, hello.world PASSED

NodeParseTest > testInheritance(String, String) > [1] group.test, test PASSED

NodeParseTest > testInheritance(String, String) > [2] group.TEST, test PASSED

NodeParseTest > testSuffix(String, int, String) > [1] suffix.100.hello, 100, hello PASSED

NodeParseTest > testSuffix(String, int, String) > [2] suffix.-100.hello, -100, hello PASSED

NodeParseTest > testSuffix(String, int, String) > [3] suffix.0.hello, 0, hello PASSED

NodeParseTest > testSuffix(String, int, String) > [4] suffix.100.hello world, 100, hello world PASSED

NodeParseTest > testSuffix(String, int, String) > [5] suffix.100.HELLO world &123, 100, HELLO world &123 PASSED

NodeParseTest > testSuffix(String, int, String) > [6] suffix.100., 100,  PASSED

NodeParseTest > testSuffix(String, int, String) > [7] suffix.100.hello\.world, 100, hello.world PASSED

NodeParseTest > testSuffix(String, int, String) > [8] suffix.100.hello.world, 100, hello.world PASSED

NodeParseTest > testWeight(String, int) > [1] weight.100, 100 PASSED

NodeParseTest > testWeight(String, int) > [2] weight.-100, -100 PASSED

NodeParseTest > testWeight(String, int) > [3] weight.0, 0 PASSED

NodeParseTest > testWeightFail(String) > [1]  PASSED

NodeParseTest > testWeightFail(String) > [2] aaaa PASSED

NodeParseTest > testWeightFail(String) > [3] weight. PASSED

NodeParseTest > testWeightFail(String) > [4] weight.hello PASSED

NodeTest > testEscaping() PASSED

NodeTest > testBasic() PASSED

NodeTest > testMetadataFails() PASSED

NodeTest > testMetadata() PASSED

NodeTest > testContext() PASSED

NodeTest > testExpiry() PASSED

ShorthandParserTest > testParse(String, String[]) > [1] {2-4}, [2, 3, 4] PASSED

ShorthandParserTest > testParse(String, String[]) > [2] {4-2}, [2, 3, 4] PASSED

ShorthandParserTest > testParse(String, String[]) > [3] {a-d}, [a, b, c, d] PASSED

ShorthandParserTest > testParse(String, String[]) > [4] {A-D}, [A, B, C, D] PASSED

ShorthandParserTest > testParse(String, String[]) > [5] {D-A}, [A, B, C, D] PASSED

ShorthandParserTest > testParse(String, String[]) > [6] {aa,bb,cc}, [aa, bb, cc] PASSED

ShorthandParserTest > testParse(String, String[]) > [7] {aa|bb|cc}, [aa, bb, cc] PASSED

ShorthandParserTest > testParse(String, String[]) > [8] {aa,bb|cc}, [aa, bb, cc] PASSED

ShorthandParserTest > testParse(String, String[]) > [9] he{y|llo} {1-2}, [hey 1, hey 2, hello 1, hello 2] PASSED

ShorthandParserTest > testParse(String, String[]) > [10] my.permission.{test,hi}, [my.permission.test, my.permission.hi] PASSED

ShorthandParserTest > testParse(String, String[]) > [11] my.permission.{a-c}, [my.permission.a, my.permission.b, my.permission.c] PASSED

ShorthandParserTest > testParse(String, String[]) > [12] he(y|llo) (1-2), [hey 1, hey 2, hello 1, hello 2] PASSED

ShorthandParserTest > testParse(String, String[]) > [13] my.permission.(test,hi), [my.permission.test, my.permission.hi] PASSED

ShorthandParserTest > testParse(String, String[]) > [14] my.permission.(a-c), [my.permission.a, my.permission.b, my.permission.c] PASSED

ShorthandParserTest > testTooManyElements(String) > [1] {1-1000} PASSED

ShorthandParserTest > testTooManyElements(String) > [2] {1000-1} PASSED

ShorthandParserTest > testTooManyElements(String) > [3] {!-ßÇÇ} PASSED

ShorthandParserTest > testTooManyElements(String) > [4] {ßÇÇ-!} PASSED

DataSelectorTest > testSelection() PASSED

DataSelectorTest > testDefault() PASSED

DataSelectorTest > testOrdering() PASSED

QueryOptionsTest > testFlags() PASSED

AbstractSenderTest > testSplitNewlines() PASSED

ConfigurateStorageTest > CombinedToml > testSaveAndDeleteUser() PASSED

ConfigurateStorageTest > CombinedToml > testSavePlayerData() PASSED

ConfigurateStorageTest > CombinedToml > testGetPlayerUniqueIdAndName() PASSED

ConfigurateStorageTest > CombinedToml > testActionLog() PASSED

ConfigurateStorageTest > CombinedToml > testGetPlayerUniqueIdAndNameNull() PASSED

ConfigurateStorageTest > CombinedToml > testSaveAndLoadGroup() PASSED

ConfigurateStorageTest > CombinedHocon > testSaveAndDeleteUser() PASSED

ConfigurateStorageTest > CombinedHocon > testSavePlayerData() PASSED

ConfigurateStorageTest > CombinedHocon > testGetPlayerUniqueIdAndName() PASSED

ConfigurateStorageTest > CombinedHocon > testActionLog() PASSED

ConfigurateStorageTest > CombinedHocon > testGetPlayerUniqueIdAndNameNull() PASSED

ConfigurateStorageTest > CombinedHocon > testSaveAndLoadGroup() PASSED

ConfigurateStorageTest > CombinedJson > testSaveAndDeleteUser() PASSED

ConfigurateStorageTest > CombinedJson > testSavePlayerData() PASSED

ConfigurateStorageTest > CombinedJson > testGetPlayerUniqueIdAndName() PASSED

ConfigurateStorageTest > CombinedJson > testActionLog() PASSED

ConfigurateStorageTest > CombinedJson > testGetPlayerUniqueIdAndNameNull() PASSED

ConfigurateStorageTest > CombinedJson > testSaveAndLoadGroup() PASSED

ConfigurateStorageTest > CombinedYaml > testSaveAndDeleteUser() PASSED

ConfigurateStorageTest > CombinedYaml > testSavePlayerData() PASSED

ConfigurateStorageTest > CombinedYaml > testGetPlayerUniqueIdAndName() PASSED

ConfigurateStorageTest > CombinedYaml > testActionLog() PASSED

ConfigurateStorageTest > CombinedYaml > testGetPlayerUniqueIdAndNameNull() PASSED

ConfigurateStorageTest > CombinedYaml > testSaveAndLoadGroup() PASSED

ConfigurateStorageTest > SeparatedToml > testSaveAndDeleteUser() PASSED

ConfigurateStorageTest > SeparatedToml > testSavePlayerData() PASSED

ConfigurateStorageTest > SeparatedToml > testGetPlayerUniqueIdAndName() PASSED

ConfigurateStorageTest > SeparatedToml > testActionLog() PASSED

ConfigurateStorageTest > SeparatedToml > testGetPlayerUniqueIdAndNameNull() PASSED

ConfigurateStorageTest > SeparatedToml > testSaveAndLoadGroup() PASSED

ConfigurateStorageTest > SeparatedHocon > testSaveAndDeleteUser() PASSED

ConfigurateStorageTest > SeparatedHocon > testSavePlayerData() PASSED

ConfigurateStorageTest > SeparatedHocon > testGetPlayerUniqueIdAndName() PASSED

ConfigurateStorageTest > SeparatedHocon > testActionLog() PASSED

ConfigurateStorageTest > SeparatedHocon > testGetPlayerUniqueIdAndNameNull() PASSED

ConfigurateStorageTest > SeparatedHocon > testSaveAndLoadGroup() PASSED

ConfigurateStorageTest > SeparatedJson > testSaveAndDeleteUser() PASSED

ConfigurateStorageTest > SeparatedJson > testSavePlayerData() PASSED

ConfigurateStorageTest > SeparatedJson > testGetPlayerUniqueIdAndName() PASSED

ConfigurateStorageTest > SeparatedJson > testActionLog() PASSED

ConfigurateStorageTest > SeparatedJson > testGetPlayerUniqueIdAndNameNull() PASSED

ConfigurateStorageTest > SeparatedJson > testSaveAndLoadGroup() PASSED

ConfigurateStorageTest > SeparatedYaml > testSaveAndDeleteUser() PASSED

ConfigurateStorageTest > SeparatedYaml > testSavePlayerData() PASSED

ConfigurateStorageTest > SeparatedYaml > testGetPlayerUniqueIdAndName() PASSED

ConfigurateStorageTest > SeparatedYaml > testActionLog() PASSED

ConfigurateStorageTest > SeparatedYaml > testGetPlayerUniqueIdAndNameNull() PASSED

ConfigurateStorageTest > SeparatedYaml > testSaveAndLoadGroup() PASSED

SqlStorageTest > testSaveAndDeleteUser() PASSED

SqlStorageTest > testSavePlayerData() PASSED

SqlStorageTest > testGetPlayerUniqueIdAndName() PASSED

SqlStorageTest > testActionLog() PASSED

SqlStorageTest > testGetPlayerUniqueIdAndNameNull() PASSED

SqlStorageTest > testSaveAndLoadGroup() PASSED

SqlStorageTest > testRecreateTables() PASSED

MongoStorageUnitTest > testNodeFromDocExpiryInteger() PASSED

MongoStorageUnitTest > testNodeFromDocExpiryLong() PASSED

SchemaReaderTest > testReadSqlite() PASSED

SchemaReaderTest > testTableFromStatement() PASSED

SchemaReaderTest > testReadMysql() PASSED

SchemaReaderTest > testReadPostgres() PASSED

SchemaReaderTest > testFilter() PASSED

SchemaReaderTest > testReadH2() PASSED

PermissionRegistryTest > testBasic() PASSED

PermissionRegistryTest > testEmpty() PASSED

PermissionRegistryTest > testExport() PASSED

DifferenceTest > testMerge() PASSED

DifferenceTest > testOverride() PASSED

DifferenceTest > testSimple() PASSED

DurationFormatterTest > testFormats() PASSED

DurationFormatterTest > testSimple(String, Duration) > [1] 1 year, PT8765H49M12S PASSED

DurationFormatterTest > testSimple(String, Duration) > [2] 2 years, PT17531H38M24S PASSED

DurationFormatterTest > testSimple(String, Duration) > [3] 3 years, PT26297H27M36S PASSED

DurationFormatterTest > testSimple(String, Duration) > [4] 15 years, PT131487H18M PASSED

DurationFormatterTest > testSimple(String, Duration) > [5] 1 month, PT730H29M6S PASSED

DurationFormatterTest > testSimple(String, Duration) > [6] 2 months, PT1460H58M12S PASSED

DurationFormatterTest > testSimple(String, Duration) > [7] 1 week, PT168H PASSED

DurationFormatterTest > testSimple(String, Duration) > [8] 2 weeks, PT336H PASSED

DurationFormatterTest > testSimple(String, Duration) > [9] 1 day, PT24H PASSED

DurationFormatterTest > testSimple(String, Duration) > [10] 2 days, PT48H PASSED

DurationFormatterTest > testSimple(String, Duration) > [11] 1 hour, PT1H PASSED

DurationFormatterTest > testSimple(String, Duration) > [12] 2 hours, PT2H PASSED

DurationFormatterTest > testSimple(String, Duration) > [13] 15 hours, PT15H PASSED

DurationFormatterTest > testSimple(String, Duration) > [14] 1 minute, PT1M PASSED

DurationFormatterTest > testSimple(String, Duration) > [15] 2 minutes, PT2M PASSED

DurationFormatterTest > testSimple(String, Duration) > [16] 15 minutes, PT15M PASSED

DurationFormatterTest > testSimple(String, Duration) > [17] 1 second, PT1S PASSED

DurationFormatterTest > testSimple(String, Duration) > [18] 2 seconds, PT2S PASSED

DurationFormatterTest > testSimple(String, Duration) > [19] 15 seconds, PT15S PASSED

DurationFormatterTest > testSimple(String, Duration) > [20] 0 seconds, PT0S PASSED

DurationParserTest > testFail(String) > [1] definitely not a duration PASSED

DurationParserTest > testFail(String) > [2] still 1 not a duration PASSED

DurationParserTest > testFail(String) > [3] still 1s not a duration PASSED

DurationParserTest > testCombined(String) > [1] 5y 4mo 3w 2d 1h 6m 7s PASSED

DurationParserTest > testCombined(String) > [2] 5y4mo3w2d1h6m7s PASSED

DurationParserTest > testCombined(String) > [3] 5 years 4 months 3 weeks 2 days 1 hour 6 minutes 7 seconds PASSED

DurationParserTest > testCombined(String) > [4] 5y, 4mo, 3w, 2d, 1h, 6m, 7s PASSED

DurationParserTest > testCombined(String) > [5] 5y,4mo,3w,2d,1h,6m,7s PASSED

DurationParserTest > testCombined(String) > [6] 5 years, 4 months, 3 weeks, 2 days, 1 hour, 6 minutes, 7 seconds PASSED

DurationParserTest > testSimple(String, Duration) > [1] 2y, PT17531H38M24S PASSED

DurationParserTest > testSimple(String, Duration) > [2] 3year, PT26297H27M36S PASSED

DurationParserTest > testSimple(String, Duration) > [3] 4years, PT35063H16M48S PASSED

DurationParserTest > testSimple(String, Duration) > [4] 2 y, PT17531H38M24S PASSED

DurationParserTest > testSimple(String, Duration) > [5] 3 year, PT26297H27M36S PASSED

DurationParserTest > testSimple(String, Duration) > [6] 4 years, PT35063H16M48S PASSED

DurationParserTest > testSimple(String, Duration) > [7] 2mo, PT1460H58M12S PASSED

DurationParserTest > testSimple(String, Duration) > [8] 3month, PT2191H27M18S PASSED

DurationParserTest > testSimple(String, Duration) > [9] 4months, PT2921H56M24S PASSED

DurationParserTest > testSimple(String, Duration) > [10] 2 mo, PT1460H58M12S PASSED

DurationParserTest > testSimple(String, Duration) > [11] 3 month, PT2191H27M18S PASSED

DurationParserTest > testSimple(String, Duration) > [12] 4 months, PT2921H56M24S PASSED

DurationParserTest > testSimple(String, Duration) > [13] 2w, PT336H PASSED

DurationParserTest > testSimple(String, Duration) > [14] 3week, PT504H PASSED

DurationParserTest > testSimple(String, Duration) > [15] 4weeks, PT672H PASSED

DurationParserTest > testSimple(String, Duration) > [16] 2 w, PT336H PASSED

DurationParserTest > testSimple(String, Duration) > [17] 3 week, PT504H PASSED

DurationParserTest > testSimple(String, Duration) > [18] 4 weeks, PT672H PASSED

DurationParserTest > testSimple(String, Duration) > [19] 2d, PT48H PASSED

DurationParserTest > testSimple(String, Duration) > [20] 3day, PT72H PASSED

DurationParserTest > testSimple(String, Duration) > [21] 4days, PT96H PASSED

DurationParserTest > testSimple(String, Duration) > [22] 2 d, PT48H PASSED

DurationParserTest > testSimple(String, Duration) > [23] 3 day, PT72H PASSED

DurationParserTest > testSimple(String, Duration) > [24] 4 days, PT96H PASSED

DurationParserTest > testSimple(String, Duration) > [25] 2h, PT2H PASSED

DurationParserTest > testSimple(String, Duration) > [26] 3hour, PT3H PASSED

DurationParserTest > testSimple(String, Duration) > [27] 4hours, PT4H PASSED

DurationParserTest > testSimple(String, Duration) > [28] 2 h, PT2H PASSED

DurationParserTest > testSimple(String, Duration) > [29] 3 hour, PT3H PASSED

DurationParserTest > testSimple(String, Duration) > [30] 4 hours, PT4H PASSED

DurationParserTest > testSimple(String, Duration) > [31] 2m, PT2M PASSED

DurationParserTest > testSimple(String, Duration) > [32] 3min, PT3M PASSED

DurationParserTest > testSimple(String, Duration) > [33] 4mins, PT4M PASSED

DurationParserTest > testSimple(String, Duration) > [34] 5minute, PT5M PASSED

DurationParserTest > testSimple(String, Duration) > [35] 6minutes, PT6M PASSED

DurationParserTest > testSimple(String, Duration) > [36] 2 m, PT2M PASSED

DurationParserTest > testSimple(String, Duration) > [37] 3 min, PT3M PASSED

DurationParserTest > testSimple(String, Duration) > [38] 4 mins, PT4M PASSED

DurationParserTest > testSimple(String, Duration) > [39] 5 minute, PT5M PASSED

DurationParserTest > testSimple(String, Duration) > [40] 6 minutes, PT6M PASSED

DurationParserTest > testSimple(String, Duration) > [41] 2s, PT2S PASSED

DurationParserTest > testSimple(String, Duration) > [42] 3sec, PT3S PASSED

DurationParserTest > testSimple(String, Duration) > [43] 4secs, PT4S PASSED

DurationParserTest > testSimple(String, Duration) > [44] 5second, PT5S PASSED

DurationParserTest > testSimple(String, Duration) > [45] 6seconds, PT6S PASSED

DurationParserTest > testSimple(String, Duration) > [46] 2 s, PT2S PASSED

DurationParserTest > testSimple(String, Duration) > [47] 3 sec, PT3S PASSED

DurationParserTest > testSimple(String, Duration) > [48] 4 secs, PT4S PASSED

DurationParserTest > testSimple(String, Duration) > [49] 5 second, PT5S PASSED

DurationParserTest > testSimple(String, Duration) > [50] 6 seconds, PT6S PASSED

EnumNamerTest > testSimple() PASSED

IteratorsTest > testDivideEmpty() PASSED

IteratorsTest > testDivideSimple() PASSED

IteratorsTest > testDivideBoundary() PASSED

UniqueIdTypeTest > testParse(UUID, String) > [1] 797a99ba-c040-4f04-8cfc-6b01a4890d2f, authenticated PASSED

UniqueIdTypeTest > testParse(UUID, String) > [2] 5d41402a-bc4b-3a76-b971-9d911017c592, unauthenticated PASSED

UniqueIdTypeTest > testParse(UUID, String) > [3] cfa4fcb1-a786-23fc-b956-33914c7bb373, npc PASSED

UniqueIdTypeTest > testParse(UUID, String) > [4] 00000000-0000-0000-0000-000000000000, unknown PASSED

BooleanExpressionTest > testEvaluatesFalse(String) > [1] false & (false | true) PASSED

BooleanExpressionTest > testEvaluatesFalse(String) > [2] (true | false) & false PASSED

BooleanExpressionTest > testEvaluatesTrue(String) > [1] false & false | true PASSED

BooleanExpressionTest > testEvaluatesTrue(String) > [2] true | false & false PASSED

BooleanExpressionTest > testEvaluatesTrue(String) > [3] (true & ((true | false) & !(true & false))) PASSED

VerboseFilterTest > testPermissionEvent(String, boolean) > [1] luckperms, true PASSED

VerboseFilterTest > testPermissionEvent(String, boolean) > [2] luckperms.user, true PASSED

VerboseFilterTest > testPermissionEvent(String, boolean) > [3] luckperms.group, false PASSED

VerboseFilterTest > testPermissionEvent(String, boolean) > [4] Player1, true PASSED

VerboseFilterTest > testPermissionEvent(String, boolean) > [5] Player2, false PASSED

VerboseFilterTest > testPermissionEvent(String, boolean) > [6] luckperms & Player1, true PASSED

VerboseFilterTest > testPermissionEvent(String, boolean) > [7] permission & luckperms & Player1, true PASSED

VerboseFilterTest > testPermissionEvent(String, boolean) > [8] permission & luckperms & Player1 & true, true PASSED

VerboseFilterTest > testPermissionEvent(String, boolean) > [9] luckperms & Player2, false PASSED

VerboseFilterTest > testPermissionEvent(String, boolean) > [10] luckperms | test, true PASSED

VerboseFilterTest > testAcceptAll() PASSED

VerboseFilterTest > testMetaEvent(String, boolean) > [1] nametags, true PASSED

VerboseFilterTest > testMetaEvent(String, boolean) > [2] nametags.nametag, true PASSED

VerboseFilterTest > testMetaEvent(String, boolean) > [3] nametags.other, false PASSED

VerboseFilterTest > testMetaEvent(String, boolean) > [4] Player1, true PASSED

VerboseFilterTest > testMetaEvent(String, boolean) > [5] Player2, false PASSED

VerboseFilterTest > testMetaEvent(String, boolean) > [6] nametags & Player1, true PASSED

VerboseFilterTest > testMetaEvent(String, boolean) > [7] meta & nametags & Player1, true PASSED

VerboseFilterTest > testMetaEvent(String, boolean) > [8] meta & nametags & Player1 & admin, true PASSED

VerboseFilterTest > testMetaEvent(String, boolean) > [9] nametags & Player2, false PASSED

VerboseFilterTest > testMetaEvent(String, boolean) > [10] nametags | test, true PASSED

SignatureAlgorithmTest > testSignVerify(SignatureAlgorithm) > [1] V1_RSA PASSED

SignatureAlgorithmTest > testSignVerify(SignatureAlgorithm) > [2] V2_ECDSA PASSED

SignatureAlgorithmTest > testParseAndVerifyECDSA() PASSED

SignatureAlgorithmTest > testKeypairGenerate(SignatureAlgorithm) > [1] V1_RSA PASSED

SignatureAlgorithmTest > testKeypairGenerate(SignatureAlgorithm) > [2] V2_ECDSA PASSED

SignatureAlgorithmTest > testParseAndVerifyRSA() PASSED

1086 tests completed, 10 failed

> Task :common:test FAILED

[Incubating] Problems report is available at: file:///D:/GitHub/LuckPerms-Paper-Folia-1.21.11/build/reports/problems/problems-report.html

FAILURE: Build failed with an exception.

* What went wrong:
Execution failed for task ':common:test'.
> There were failing tests. See the report at: file:///D:/GitHub/LuckPer
ms-Paper-Folia-1.21.11/common/build/reports/tests/test/index.html

* Try:
> Run with --scan to get full insights.

Deprecated Gradle features were used in this build, making it incompatible with Gradle 9.0.

You can use '--warning-mode all' to show the individual deprecation warnings and determine if they come from your own scripts or plugins.

For more on this, please refer to https://docs.gradle.org/8.14.3/userguide/command_line_interface.html#sec:command_line_warnings in the Gradle documentation.

BUILD FAILED in 16s
9 actionable tasks: 1 executed, 8 up-to-date
